Archive member included to satisfy reference by file (symbol)

C:/ST/STM32CubeCLT_1.18.0/GNU-tools-for-STM32/bin/../lib/gcc/arm-none-eabi/13.3.1/../../../../arm-none-eabi/lib/thumb/v7e-m+fp/hard\libc_nano.a(libc_a-exit.o)
                              C:/ST/STM32CubeCLT_1.18.0/GNU-tools-for-STM32/bin/../lib/gcc/arm-none-eabi/13.3.1/../../../../arm-none-eabi/lib/thumb/v7e-m+fp/hard/crt0.o (exit)
C:/ST/STM32CubeCLT_1.18.0/GNU-tools-for-STM32/bin/../lib/gcc/arm-none-eabi/13.3.1/../../../../arm-none-eabi/lib/thumb/v7e-m+fp/hard\libc_nano.a(libc_a-findfp.o)
                              C:/ST/STM32CubeCLT_1.18.0/GNU-tools-for-STM32/bin/../lib/gcc/arm-none-eabi/13.3.1/../../../../arm-none-eabi/lib/thumb/v7e-m+fp/hard\libc_nano.a(libc_a-exit.o) (__stdio_exit_handler)
C:/ST/STM32CubeCLT_1.18.0/GNU-tools-for-STM32/bin/../lib/gcc/arm-none-eabi/13.3.1/../../../../arm-none-eabi/lib/thumb/v7e-m+fp/hard\libc_nano.a(libc_a-fwalk.o)
                              C:/ST/STM32CubeCLT_1.18.0/GNU-tools-for-STM32/bin/../lib/gcc/arm-none-eabi/13.3.1/../../../../arm-none-eabi/lib/thumb/v7e-m+fp/hard\libc_nano.a(libc_a-findfp.o) (_fwalk_sglue)
C:/ST/STM32CubeCLT_1.18.0/GNU-tools-for-STM32/bin/../lib/gcc/arm-none-eabi/13.3.1/../../../../arm-none-eabi/lib/thumb/v7e-m+fp/hard\libc_nano.a(libc_a-stdio.o)
                              C:/ST/STM32CubeCLT_1.18.0/GNU-tools-for-STM32/bin/../lib/gcc/arm-none-eabi/13.3.1/../../../../arm-none-eabi/lib/thumb/v7e-m+fp/hard\libc_nano.a(libc_a-findfp.o) (__sread)
C:/ST/STM32CubeCLT_1.18.0/GNU-tools-for-STM32/bin/../lib/gcc/arm-none-eabi/13.3.1/../../../../arm-none-eabi/lib/thumb/v7e-m+fp/hard\libc_nano.a(libc_a-memset.o)
                              C:/ST/STM32CubeCLT_1.18.0/GNU-tools-for-STM32/bin/../lib/gcc/arm-none-eabi/13.3.1/../../../../arm-none-eabi/lib/thumb/v7e-m+fp/hard/crt0.o (memset)
C:/ST/STM32CubeCLT_1.18.0/GNU-tools-for-STM32/bin/../lib/gcc/arm-none-eabi/13.3.1/../../../../arm-none-eabi/lib/thumb/v7e-m+fp/hard\libc_nano.a(libc_a-closer.o)
                              C:/ST/STM32CubeCLT_1.18.0/GNU-tools-for-STM32/bin/../lib/gcc/arm-none-eabi/13.3.1/../../../../arm-none-eabi/lib/thumb/v7e-m+fp/hard\libc_nano.a(libc_a-stdio.o) (_close_r)
C:/ST/STM32CubeCLT_1.18.0/GNU-tools-for-STM32/bin/../lib/gcc/arm-none-eabi/13.3.1/../../../../arm-none-eabi/lib/thumb/v7e-m+fp/hard\libc_nano.a(libc_a-reent.o)
                              C:/ST/STM32CubeCLT_1.18.0/GNU-tools-for-STM32/bin/../lib/gcc/arm-none-eabi/13.3.1/../../../../arm-none-eabi/lib/thumb/v7e-m+fp/hard\libc_nano.a(libc_a-closer.o) (errno)
C:/ST/STM32CubeCLT_1.18.0/GNU-tools-for-STM32/bin/../lib/gcc/arm-none-eabi/13.3.1/../../../../arm-none-eabi/lib/thumb/v7e-m+fp/hard\libc_nano.a(libc_a-impure.o)
                              C:/ST/STM32CubeCLT_1.18.0/GNU-tools-for-STM32/bin/../lib/gcc/arm-none-eabi/13.3.1/../../../../arm-none-eabi/lib/thumb/v7e-m+fp/hard\libc_nano.a(libc_a-reent.o) (_impure_ptr)
C:/ST/STM32CubeCLT_1.18.0/GNU-tools-for-STM32/bin/../lib/gcc/arm-none-eabi/13.3.1/../../../../arm-none-eabi/lib/thumb/v7e-m+fp/hard\libc_nano.a(libc_a-lseekr.o)
                              C:/ST/STM32CubeCLT_1.18.0/GNU-tools-for-STM32/bin/../lib/gcc/arm-none-eabi/13.3.1/../../../../arm-none-eabi/lib/thumb/v7e-m+fp/hard\libc_nano.a(libc_a-stdio.o) (_lseek_r)
C:/ST/STM32CubeCLT_1.18.0/GNU-tools-for-STM32/bin/../lib/gcc/arm-none-eabi/13.3.1/../../../../arm-none-eabi/lib/thumb/v7e-m+fp/hard\libc_nano.a(libc_a-readr.o)
                              C:/ST/STM32CubeCLT_1.18.0/GNU-tools-for-STM32/bin/../lib/gcc/arm-none-eabi/13.3.1/../../../../arm-none-eabi/lib/thumb/v7e-m+fp/hard\libc_nano.a(libc_a-stdio.o) (_read_r)
C:/ST/STM32CubeCLT_1.18.0/GNU-tools-for-STM32/bin/../lib/gcc/arm-none-eabi/13.3.1/../../../../arm-none-eabi/lib/thumb/v7e-m+fp/hard\libc_nano.a(libc_a-writer.o)
                              C:/ST/STM32CubeCLT_1.18.0/GNU-tools-for-STM32/bin/../lib/gcc/arm-none-eabi/13.3.1/../../../../arm-none-eabi/lib/thumb/v7e-m+fp/hard\libc_nano.a(libc_a-stdio.o) (_write_r)
C:/ST/STM32CubeCLT_1.18.0/GNU-tools-for-STM32/bin/../lib/gcc/arm-none-eabi/13.3.1/../../../../arm-none-eabi/lib/thumb/v7e-m+fp/hard\libc_nano.a(libc_a-init.o)
                              C:/ST/STM32CubeCLT_1.18.0/GNU-tools-for-STM32/bin/../lib/gcc/arm-none-eabi/13.3.1/../../../../arm-none-eabi/lib/thumb/v7e-m+fp/hard/crt0.o (__libc_init_array)
C:/ST/STM32CubeCLT_1.18.0/GNU-tools-for-STM32/bin/../lib/gcc/arm-none-eabi/13.3.1/../../../../arm-none-eabi/lib/thumb/v7e-m+fp/hard\libc_nano.a(libc_a-lock.o)
                              C:/ST/STM32CubeCLT_1.18.0/GNU-tools-for-STM32/bin/../lib/gcc/arm-none-eabi/13.3.1/../../../../arm-none-eabi/lib/thumb/v7e-m+fp/hard\libc_nano.a(libc_a-findfp.o) (__retarget_lock_init_recursive)
C:/ST/STM32CubeCLT_1.18.0/GNU-tools-for-STM32/bin/../lib/gcc/arm-none-eabi/13.3.1/../../../../arm-none-eabi/lib/thumb/v7e-m+fp/hard\libc_nano.a(libc_a-freer.o)
[...]
Memory Configuration

Name             Origin             Length             Attributes
RAM              0x20000000         0x00020000         xrw
CCMRAM           0x10000000         0x00010000         xrw
FLASH            0x08000000         0x00080000         xr
*default*        0x00000000         0xffffffff

Linker script and memory map

LOAD C:/ST/STM32CubeCLT_1.18.0/GNU-tools-for-STM32/bin/../lib/gcc/arm-none-eabi/13.3.1/thumb/v7e-m+fp/hard/crti.o
LOAD C:/ST/STM32CubeCLT_1.18.0/GNU-tools-for-STM32/bin/../lib/gcc/arm-none-eabi/13.3.1/thumb/v7e-m+fp/hard/crtbegin.o
LOAD C:/ST/STM32CubeCLT_1.18.0/GNU-tools-for-STM32/bin/../lib/gcc/arm-none-eabi/13.3.1/../../../../arm-none-eabi/lib/thumb/v7e-m+fp/hard/crt0.o
START GROUP
LOAD C:/ST/STM32CubeCLT_1.18.0/GNU-tools-for-STM32/bin/../lib/gcc/arm-none-eabi/13.3.1/../../../../arm-none-eabi/lib/thumb/v7e-m+fp/hard\libc_nano.a
LOAD C:/ST/STM32CubeCLT_1.18.0/GNU-tools-for-STM32/bin/../lib/gcc/arm-none-eabi/13.3.1/../../../../arm-none-eabi/lib/thumb/v7e-m+fp/hard\libm.a
END GROUP
LOAD cmake/stm32cubemx/CMakeFiles/STM32_Drivers.dir/__/__/Core/Src/system_stm32f4xx.c.obj
LOAD cmake/stm32cubemx/CMakeFiles/STM32_Drivers.dir/__/__/Drivers/STM32F4xx_HAL_Driver/Src/stm32f4xx_hal_uart.c.obj
LOAD cmake/stm32cubemx/CMakeFiles/STM32_Drivers.dir/__/__/Drivers/STM32F4xx_HAL_Driver/Src/stm32f4xx_hal_rcc.c.obj
LOAD cmake/stm32cubemx/CMakeFiles/STM32_Drivers.dir/__/__/Drivers/STM32F4xx_HAL_Driver/Src/stm32f4xx_hal_rcc_ex.c.obj
LOAD cmake/stm32cubemx/CMakeFiles/STM32_Drivers.dir/__/__/Drivers/STM32F4xx_HAL_Driver/Src/stm32f4xx_hal_flash.c.obj
LOAD cmake/stm32cubemx/CMakeFiles/STM32_Drivers.dir/__/__/Drivers/STM32F4xx_HAL_Driver/Src/stm32f4xx_hal_flash_ex.c.obj
LOAD cmake/stm32cubemx/CMakeFiles/STM32_Drivers.dir/__/__/Drivers/STM32F4xx_HAL_Driver/Src/stm32f4xx_hal_flash_ramfunc.c.obj
LOAD cmake/stm32cubemx/CMakeFiles/STM32_Drivers.dir/__/__/Drivers/STM32F4xx_HAL_Driver/Src/stm32f4xx_hal_gpio.c.obj
LOAD cmake/stm32cubemx/CMakeFiles/STM32_Drivers.dir/__/__/Drivers/STM32F4xx_HAL_Driver/Src/stm32f4xx_hal_dma_ex.c.obj
LOAD cmake/stm32cubemx/CMakeFiles/STM32_Drivers.dir/__/__/Drivers/STM32F4xx_HAL_Driver/Src/stm32f4xx_hal_dma.c.obj
LOAD cmake/stm32cubemx/CMakeFiles/STM32_Drivers.dir/__/__/Drivers/STM32F4xx_HAL_Driver/Src/stm32f4xx_hal_pwr.c.obj
LOAD cmake/stm32cubemx/CMakeFiles/STM32_Drivers.dir/__/__/Drivers/STM32F4xx_HAL_Driver/Src/stm32f4xx_hal_pwr_ex.c.obj
LOAD cmake/stm32cubemx/CMakeFiles/STM32_Drivers.dir/__/__/Drivers/STM32F4xx_HAL_Driver/Src/stm32f4xx_hal_cortex.c.obj
LOAD cmake/stm32cubemx/CMakeFiles/STM32_Drivers.dir/__/__/Drivers/STM32F4xx_HAL_Driver/Src/stm32f4xx_hal.c.obj
LOAD cmake/stm32cubemx/CMakeFiles/STM32_Drivers.dir/__/__/Drivers/STM32F4xx_HAL_Driver/Src/stm32f4xx_hal_exti.c.obj
LOAD CMakeFiles/stm32f407-bd.dir/Core/Src/main.c.obj
LOAD CMakeFiles/stm32f407-bd.dir/Core/Src/stm32f4xx_it.c.obj
LOAD CMakeFiles/stm32f407-bd.dir/Core/Src/stm32f4xx_hal_msp.c.obj
LOAD CMakeFiles/stm32f407-bd.dir/Core/Src/sysmem.c.obj
LOAD CMakeFiles/stm32f407-bd.dir/Core/Src/syscalls.c.obj
LOAD CMakeFiles/stm32f407-bd.dir/startup_stm32f407xx.s.obj
LOAD CMakeFiles/stm32f407-bd.dir/App/ap/ap.c.obj
LOAD CMakeFiles/stm32f407-bd.dir/App/common/src/cli.c.obj
LOAD CMakeFiles/stm32f407-bd.dir/App/common/src/cli_gui.c.obj
LOAD CMakeFiles/stm32f407-bd.dir/App/common/src/qbuffer.c.obj
LOAD CMakeFiles/stm32f407-bd.dir/App/common/src/util.c.obj
LOAD CMakeFiles/stm32f407-bd.dir/App/hw/hw.c.obj
LOAD CMakeFiles/stm32f407-bd.dir/App/hw/src/led.c.obj
LOAD CMakeFiles/stm32f407-bd.dir/App/hw/src/uart.c.obj
START GROUP
LOAD C:/ST/STM32CubeCLT_1.18.0/GNU-tools-for-STM32/bin/../lib/gcc/arm-none-eabi/13.3.1/thumb/v7e-m+fp/hard\libgcc.a
LOAD C:/ST/STM32CubeCLT_1.18.0/GNU-tools-for-STM32/bin/../lib/gcc/arm-none-eabi/13.3.1/../../../../arm-none-eabi/lib/thumb/v7e-m+fp/hard\libg_nano.a
LOAD C:/ST/STM32CubeCLT_1.18.0/GNU-tools-for-STM32/bin/../lib/gcc/arm-none-eabi/13.3.1/../../../../arm-none-eabi/lib/thumb/v7e-m+fp/hard\libc_nano.a
END GROUP
START GROUP
LOAD C:/ST/STM32CubeCLT_1.18.0/GNU-tools-for-STM32/bin/../lib/gcc/arm-none-eabi/13.3.1/thumb/v7e-m+fp/hard\libgcc.a
LOAD C:/ST/STM32CubeCLT_1.18.0/GNU-tools-for-STM32/bin/../lib/gcc/arm-none-eabi/13.3.1/../../../../arm-none-eabi/lib/thumb/v7e-m+fp/hard\libc_nano.a
END GROUP
LOAD C:/ST/STM32CubeCLT_1.18.0/GNU-tools-for-STM32/bin/../lib/gcc/arm-none-eabi/13.3.1/thumb/v7e-m+fp/hard/crtend.o
LOAD C:/ST/STM32CubeCLT_1.18.0/GNU-tools-for-STM32/bin/../lib/gcc/arm-none-eabi/13.3.1/thumb/v7e-m+fp/hard/crtn.o
                0x20020000                        _estack = (ORIGIN (RAM) + LENGTH (RAM))
                0x00000200                        _Min_Heap_Size = 0x200
                0x00000400                        _Min_Stack_Size = 0x400

.isr_vector     0x08000000      0x188
                0x08000000                        . = ALIGN (0x4)
 *(.isr_vector)
 .isr_vector    0x08000000      0x188 CMakeFiles/stm32f407-bd.dir/startup_stm32f407xx.s.obj
                0x08000000                g_pfnVectors
                0x08000188                        . = ALIGN (0x4)

.text           0x08000190     0x7d10
                0x08000190                        . = ALIGN (0x4)
 *(.text)
 .text          0x08000190       0x40 C:/ST/STM32CubeCLT_1.18.0/GNU-tools-for-STM32/bin/../lib/gcc/arm-none-eabi/13.3.1/thumb/v7e-m+fp/hard/crtbegin.o
 .text          0x080001d0       0x30 C:/ST/STM32CubeCLT_1.18.0/GNU-tools-for-STM32/bin/../lib/gcc/arm-none-eabi/13.3.1/thumb/v7e-m+fp/hard\libgcc.a(_aeabi_uldivmod.o)
                0x080001d0                __aeabi_uldivmod
 .text          0x08000200      0x2f8 C:/ST/STM32CubeCLT_1.18.0/GNU-tools-for-STM32/bin/../lib/gcc/arm-none-eabi/13.3.1/thumb/v7e-m+fp/hard\libgcc.a(_udivmoddi4.o)
                0x08000200                __udivmoddi4
 .text          0x080004f8        0x4 C:/ST/STM32CubeCLT_1.18.0/GNU-tools-for-STM32/bin/../lib/gcc/arm-none-eabi/13.3.1/thumb/v7e-m+fp/hard\libgcc.a(_dvmd_tls.o)
                0x080004f8                __aeabi_idiv0
                0x080004f8                __aeabi_ldiv0
 .text          0x080004fc       0x14 C:/ST/STM32CubeCLT_1.18.0/GNU-tools-for-STM32/bin/../lib/gcc/arm-none-eabi/13.3.1/../../../../arm-none-eabi/lib/thumb/v7e-m+fp/hard\libg_nano.a(libc_a-strcmp.o)
                0x080004fc                strcmp
 .text          0x08000510       0xa0 C:/ST/STM32CubeCLT_1.18.0/GNU-tools-for-STM32/bin/../lib/gcc/arm-none-eabi/13.3.1/../../../../arm-none-eabi/lib/thumb/v7e-m+fp/hard\libg_nano.a(libc_a-memchr.o)
                0x08000510                memchr
 .text          0x080005b0      0x378 C:/ST/STM32CubeCLT_1.18.0/GNU-tools-for-STM32/bin/../lib/gcc/arm-none-eabi/13.3.1/thumb/v7e-m+fp/hard\libgcc.a(_arm_addsubdf3.o)
                0x080005b0                __aeabi_drsub
                0x080005b8                __aeabi_dsub
                0x080005b8                __subdf3
                0x080005bc                __aeabi_dadd
                0x080005bc                __adddf3
                0x08000834                __floatunsidf
                0x08000834                __aeabi_ui2d
                0x08000854                __floatsidf
                0x08000854                __aeabi_i2d
                0x08000878                __aeabi_f2d
                0x08000878                __extendsfdf2
                0x080008bc                __floatundidf
                0x080008bc                __aeabi_ul2d
                0x080008cc                __floatdidf
                0x080008cc                __aeabi_l2d
 .text          0x08000928      0x424 C:/ST/STM32CubeCLT_1.18.0/GNU-tools-for-STM32/bin/../lib/gcc/arm-none-eabi/13.3.1/thumb/v7e-m+fp/hard\libgcc.a(_arm_muldivdf3.o)
                0x08000928                __aeabi_dmul
                0x08000928                __muldf3
                0x08000b7c                __divdf3
                0x08000b7c                __aeabi_ddiv
 .text          0x08000d4c      0x110 C:/ST/STM32CubeCLT_1.18.0/GNU-tools-for-STM32/bin/../lib/gcc/arm-none-eabi/13.3.1/thumb/v7e-m+fp/hard\libgcc.a(_arm_cmpdf2.o)
                0x08000d4c                __gtdf2
                0x08000d4c                __gedf2
                0x08000d54                __ltdf2
                0x08000d54                __ledf2
                0x08000d5c                __nedf2
                0x08000d5c                __eqdf2
                0x08000d5c                __cmpdf2
                0x08000dd8                __aeabi_cdrcmple
                0x08000de8                __aeabi_cdcmpeq
                0x08000de8                __aeabi_cdcmple
                0x08000df8                __aeabi_dcmpeq
                0x08000e0c                __aeabi_dcmplt
                0x08000e20                __aeabi_dcmple
                0x08000e34                __aeabi_dcmpge
                0x08000e48                __aeabi_dcmpgt
 .text          0x08000e5c       0x2c C:/ST/STM32CubeCLT_1.18.0/GNU-tools-for-STM32/bin/../lib/gcc/arm-none-eabi/13.3.1/thumb/v7e-m+fp/hard\libgcc.a(_arm_unorddf2.o)
                0x08000e5c                __unorddf2
                0x08000e5c                __aeabi_dcmpun
 .text          0x08000e88       0x40 C:/ST/STM32CubeCLT_1.18.0/GNU-tools-for-STM32/bin/../lib/gcc/arm-none-eabi/13.3.1/thumb/v7e-m+fp/hard\libgcc.a(_arm_fixunsdfsi.o)
                0x08000e88                __aeabi_d2uiz
                0x08000e88                __fixunsdfsi
 .text          0x08000ec8       0xa0 C:/ST/STM32CubeCLT_1.18.0/GNU-tools-for-STM32/bin/../lib/gcc/arm-none-eabi/13.3.1/thumb/v7e-m+fp/hard\libgcc.a(_arm_truncdfsf2.o)
                0x08000ec8                __truncdfsf2
                0x08000ec8                __aeabi_d2f
 .text          0x08000f68       0x30 C:/ST/STM32CubeCLT_1.18.0/GNU-tools-for-STM32/bin/../lib/gcc/arm-none-eabi/13.3.1/thumb/v7e-m+fp/hard\libgcc.a(_fixdfdi.o)
                0x08000f68                __fixdfdi
                0x08000f68                __aeabi_d2lz
 .text          0x08000f98       0x3c C:/ST/STM32CubeCLT_1.18.0/GNU-tools-for-STM32/bin/../lib/gcc/arm-none-eabi/13.3.1/thumb/v7e-m+fp/hard\libgcc.a(_fixunsdfdi.o)
                0x08000f98                __fixunsdfdi
                0x08000f98                __aeabi_d2ulz
 *(.text*)
 .text.std      0x08000fd4       0x6c C:/ST/STM32CubeCLT_1.18.0/GNU-tools-for-STM32/bin/../lib/gcc/arm-none-eabi/13.3.1/../../../../arm-none-eabi/lib/thumb/v7e-m+fp/hard\libc_nano.a(libc_a-findfp.o)
 .text.stdio_exit_handler
                0x08001040       0x18 C:/ST/STM32CubeCLT_1.18.0/GNU-tools-for-STM32/bin/../lib/gcc/arm-none-eabi/13.3.1/../../../../arm-none-eabi/lib/thumb/v7e-m+fp/hard\libc_nano.a(libc_a-findfp.o)
 .text.cleanup_stdio
                0x08001058       0x40 C:/ST/STM32CubeCLT_1.18.0/GNU-tools-for-STM32/bin/../lib/gcc/arm-none-eabi/13.3.1/../../../../arm-none-eabi/lib/thumb/v7e-m+fp/hard\libc_nano.a(libc_a-findfp.o)
 .text.global_stdio_init.part.0
                0x08001098       0x3c C:/ST/STM32CubeCLT_1.18.0/GNU-tools-for-STM32/bin/../lib/gcc/arm-none-eabi/13.3.1/../../../../arm-none-eabi/lib/thumb/v7e-m+fp/hard\libc_nano.a(libc_a-findfp.o)
 .text.__sfp_lock_acquire
                0x080010d4        0xc C:/ST/STM32CubeCLT_1.18.0/GNU-tools-for-STM32/bin/../lib/gcc/arm-none-eabi/13.3.1/../../../../arm-none-eabi/lib/thumb/v7e-m+fp/hard\libc_nano.a(libc_a-findfp.o)
                0x080010d4                __sfp_lock_acquire
 .text.__sfp_lock_release
                0x080010e0        0xc C:/ST/STM32CubeCLT_1.18.0/GNU-tools-for-STM32/bin/../lib/gcc/arm-none-eabi/13.3.1/../../../../arm-none-eabi/lib/thumb/v7e-m+fp/hard\libc_nano.a(libc_a-findfp.o)
                0x080010e0                __sfp_lock_release
 .text.__sinit  0x080010ec       0x30 C:/ST/STM32CubeCLT_1.18.0/GNU-tools-for-STM32/bin/../lib/gcc/arm-none-eabi/13.3.1/../../../../arm-none-eabi/lib/thumb/v7e-m+fp/hard\libc_nano.a(libc_a-findfp.o)
                0x080010ec                __sinit
 .text._fwalk_sglue
                0x0800111c       0x3c C:/ST/STM32CubeCLT_1.18.0/GNU-tools-for-STM32/bin/../lib/gcc/arm-none-eabi/13.3.1/../../../../arm-none-eabi/lib/thumb/v7e-m+fp/hard\libc_nano.a(libc_a-fwalk.o)
                0x0800111c                _fwalk_sglue
 .text.__sread  0x08001158       0x22 C:/ST/STM32CubeCLT_1.18.0/GNU-tools-for-STM32/bin/../lib/gcc/arm-none-eabi/13.3.1/../../../../arm-none-eabi/lib/thumb/v7e-m+fp/hard\libc_nano.a(libc_a-stdio.o)
                0x08001158                __sread
 .text.__swrite
                0x0800117a       0x38 C:/ST/STM32CubeCLT_1.18.0/GNU-tools-for-STM32/bin/../lib/gcc/arm-none-eabi/13.3.1/../../../../arm-none-eabi/lib/thumb/v7e-m+fp/hard\libc_nano.a(libc_a-stdio.o)
                0x0800117a                __swrite
 .text.__sseek  0x080011b2       0x24 C:/ST/STM32CubeCLT_1.18.0/GNU-tools-for-STM32/bin/../lib/gcc/arm-none-eabi/13.3.1/../../../../arm-none-eabi/lib/thumb/v7e-m+fp/hard\libc_nano.a(libc_a-stdio.o)
                0x080011b2                __sseek
 .text.__sclose
                0x080011d6        0x8 C:/ST/STM32CubeCLT_1.18.0/GNU-tools-for-STM32/bin/../lib/gcc/arm-none-eabi/13.3.1/../../../../arm-none-eabi/lib/thumb/v7e-m+fp/hard\libc_nano.a(libc_a-stdio.o)
                0x080011d6                __sclose
 .text.memset   0x080011de       0x10 C:/ST/STM32CubeCLT_1.18.0/GNU-tools-for-STM32/bin/../lib/gcc/arm-none-eabi/13.3.1/../../../../arm-none-eabi/lib/thumb/v7e-m+fp/hard\libc_nano.a(libc_a-memset.o)
                0x080011de                memset
 *fill*         0x080011ee        0x2 
 .text._close_r
                0x080011f0       0x20 C:/ST/STM32CubeCLT_1.18.0/GNU-tools-for-STM32/bin/../lib/gcc/arm-none-eabi/13.3.1/../../../../arm-none-eabi/lib/thumb/v7e-m+fp/hard\libc_nano.a(libc_a-closer.o)
                0x080011f0                _close_r
 .text._lseek_r
                0x08001210       0x24 C:/ST/STM32CubeCLT_1.18.0/GNU-tools-for-STM32/bin/../lib/gcc/arm-none-eabi/13.3.1/../../../../arm-none-eabi/lib/thumb/v7e-m+fp/hard\libc_nano.a(libc_a-lseekr.o)
                0x08001210                _lseek_r
 .text._read_r  0x08001234       0x24 C:/ST/STM32CubeCLT_1.18.0/GNU-tools-for-STM32/bin/../lib/gcc/arm-none-eabi/13.3.1/../../../../arm-none-eabi/lib/thumb/v7e-m+fp/hard\libc_nano.a(libc_a-readr.o)
                0x08001234                _read_r
 .text._write_r
                0x08001258       0x24 C:/ST/STM32CubeCLT_1.18.0/GNU-tools-for-STM32/bin/../lib/gcc/arm-none-eabi/13.3.1/../../../../arm-none-eabi/lib/thumb/v7e-m+fp/hard\libc_nano.a(libc_a-writer.o)
                0x08001258                _write_r
 .text.__libc_init_array
                0x0800127c       0x48 C:/ST/STM32CubeCLT_1.18.0/GNU-tools-for-STM32/bin/../lib/gcc/arm-none-eabi/13.3.1/../../../../arm-none-eabi/lib/thumb/v7e-m+fp/hard\libc_nano.a(libc_a-init.o)
                0x0800127c                __libc_init_array
 .text.__retarget_lock_init_recursive
                0x080012c4        0x2 C:/ST/STM32CubeCLT_1.18.0/GNU-tools-for-STM32/bin/../lib/gcc/arm-none-eabi/13.3.1/../../../../arm-none-eabi/lib/thumb/v7e-m+fp/hard\libc_nano.a(libc_a-lock.o)
                0x080012c4                __retarget_lock_init_recursive
 .text.__retarget_lock_acquire_recursive
                0x080012c6        0x2 C:/ST/STM32CubeCLT_1.18.0/GNU-tools-for-STM32/bin/../lib/gcc/arm-none-eabi/13.3.1/../../../../arm-none-eabi/lib/thumb/v7e-m+fp/hard\libc_nano.a(libc_a-lock.o)
                0x080012c6                __retarget_lock_acquire_recursive
 .text.__retarget_lock_release_recursive
                0x080012c8        0x2 C:/ST/STM32CubeCLT_1.18.0/GNU-tools-for-STM32/bin/../lib/gcc/arm-none-eabi/13.3.1/../../../../arm-none-eabi/lib/thumb/v7e-m+fp/hard\libc_nano.a(libc_a-lock.o)
                0x080012c8                __retarget_lock_release_recursive
 *fill*         0x080012ca        0x2 
 .text._free_r  0x080012cc       0x94 C:/ST/STM32CubeCLT_1.18.0/GNU-tools-for-STM32/bin/../lib/gcc/arm-none-eabi/13.3.1/../../../../arm-none-eabi/lib/thumb/v7e-m+fp/hard\libc_nano.a(libc_a-freer.o)
                0x080012cc                _free_r
 .text.sbrk_aligned
                0x08001360       0x44 C:/ST/STM32CubeCLT_1.18.0/GNU-tools-for-STM32/bin/../lib/gcc/arm-none-eabi/13.3.1/../../../../arm-none-eabi/lib/thumb/v7e-m+fp/hard\libc_nano.a(libc_a-mallocr.o)
 .text._malloc_r
                0x080013a4      0x100 C:/ST/STM32CubeCLT_1.18.0/GNU-tools-for-STM32/bin/../lib/gcc/arm-none-eabi/13.3.1/../../../../arm-none-eabi/lib/thumb/v7e-m+fp/hard\libc_nano.a(libc_a-mallocr.o)
                0x080013a4                _malloc_r
 .text.__malloc_lock
                0x080014a4        0xc C:/ST/STM32CubeCLT_1.18.0/GNU-tools-for-STM32/bin/../lib/gcc/arm-none-eabi/13.3.1/../../../../arm-none-eabi/lib/thumb/v7e-m+fp/hard\libc_nano.a(libc_a-mlock.o)
                0x080014a4                __malloc_lock
 .text.__malloc_unlock
                0x080014b0        0xc C:/ST/STM32CubeCLT_1.18.0/GNU-tools-for-STM32/bin/../lib/gcc/arm-none-eabi/13.3.1/../../../../arm-none-eabi/lib/thumb/v7e-m+fp/hard\libc_nano.a(libc_a-mlock.o)
                0x080014b0                __malloc_unlock
 .text.__sflush_r
                0x080014bc      0x108 C:/ST/STM32CubeCLT_1.18.0/GNU-tools-for-STM32/bin/../lib/gcc/arm-none-eabi/13.3.1/../../../../arm-none-eabi/lib/thumb/v7e-m+fp/hard\libc_nano.a(libc_a-fflush.o)
                0x080014bc                __sflush_r
 .text._fflush_r
                0x080015c4       0x50 C:/ST/STM32CubeCLT_1.18.0/GNU-tools-for-STM32/bin/../lib/gcc/arm-none-eabi/13.3.1/../../../../arm-none-eabi/lib/thumb/v7e-m+fp/hard\libc_nano.a(libc_a-fflush.o)
                0x080015c4                _fflush_r
 .text._sbrk_r  0x08001614       0x20 C:/ST/STM32CubeCLT_1.18.0/GNU-tools-for-STM32/bin/../lib/gcc/arm-none-eabi/13.3.1/../../../../arm-none-eabi/lib/thumb/v7e-m+fp/hard\libc_nano.a(libc_a-sbrkr.o)
                0x08001614                _sbrk_r
 .text.SystemInit
                0x08001634       0x24 cmake/stm32cubemx/CMakeFiles/STM32_Drivers.dir/__/__/Core/Src/system_stm32f4xx.c.obj
                0x08001634                SystemInit
 .text.HAL_UART_Init
                0x08001658       0xa0 cmake/stm32cubemx/CMakeFiles/STM32_Drivers.dir/__/__/Drivers/STM32F4xx_HAL_Driver/Src/stm32f4xx_hal_uart.c.obj
                0x08001658                HAL_UART_Init
 .text.HAL_UART_DeInit
                0x080016f8       0x64 cmake/stm32cubemx/CMakeFiles/STM32_Drivers.dir/__/__/Drivers/STM32F4xx_HAL_Driver/Src/stm32f4xx_hal_uart.c.obj
                0x080016f8                HAL_UART_DeInit
 .text.HAL_UART_Transmit
                0x0800175c      0x116 cmake/stm32cubemx/CMakeFiles/STM32_Drivers.dir/__/__/Drivers/STM32F4xx_HAL_Driver/Src/stm32f4xx_hal_uart.c.obj
                0x0800175c                HAL_UART_Transmit
 .text.HAL_UART_Receive_DMA
                0x08001872       0x4a cmake/stm32cubemx/CMakeFiles/STM32_Drivers.dir/__/__/Drivers/STM32F4xx_HAL_Driver/Src/stm32f4xx_hal_uart.c.obj
                0x08001872                HAL_UART_Receive_DMA
 .text.HAL_UART_RxCpltCallback
                0x080018bc       0x14 cmake/stm32cubemx/CMakeFiles/STM32_Drivers.dir/__/__/Drivers/STM32F4xx_HAL_Driver/Src/stm32f4xx_hal_uart.c.obj
                0x080018bc                HAL_UART_RxCpltCallback
 .text.HAL_UART_RxHalfCpltCallback
                0x080018d0       0x14 cmake/stm32cubemx/CMakeFiles/STM32_Drivers.dir/__/__/Drivers/STM32F4xx_HAL_Driver/Src/stm32f4xx_hal_uart.c.obj
                0x080018d0                HAL_UART_RxHalfCpltCallback
 .text.HAL_UART_ErrorCallback
                0x080018e4       0x14 cmake/stm32cubemx/CMakeFiles/STM32_Drivers.dir/__/__/Drivers/STM32F4xx_HAL_Driver/Src/stm32f4xx_hal_uart.c.obj
                0x080018e4                HAL_UART_ErrorCallback
 .text.HAL_UARTEx_RxEventCallback
                0x080018f8       0x18 cmake/stm32cubemx/CMakeFiles/STM32_Drivers.dir/__/__/Drivers/STM32F4xx_HAL_Driver/Src/stm32f4xx_hal_uart.c.obj
                0x080018f8                HAL_UARTEx_RxEventCallback
 .text.UART_DMAReceiveCplt
                0x08001910      0x12c cmake/stm32cubemx/CMakeFiles/STM32_Drivers.dir/__/__/Drivers/STM32F4xx_HAL_Driver/Src/stm32f4xx_hal_uart.c.obj
 .text.UART_DMARxHalfCplt
                0x08001a3c       0x3c cmake/stm32cubemx/CMakeFiles/STM32_Drivers.dir/__/__/Drivers/STM32F4xx_HAL_Driver/Src/stm32f4xx_hal_uart.c.obj
 .text.UART_DMAError
                0x08001a78       0x94 cmake/stm32cubemx/CMakeFiles/STM32_Drivers.dir/__/__/Drivers/STM32F4xx_HAL_Driver/Src/stm32f4xx_hal_uart.c.obj
 .text.UART_WaitOnFlagUntilTimeout
                0x08001b0c       0xb2 cmake/stm32cubemx/CMakeFiles/STM32_Drivers.dir/__/__/Drivers/STM32F4xx_HAL_Driver/Src/stm32f4xx_hal_uart.c.obj
 *fill*         0x08001bbe        0x2 
 .text.UART_Start_Receive_DMA
                0x08001bc0      0x134 cmake/stm32cubemx/CMakeFiles/STM32_Drivers.dir/__/__/Drivers/STM32F4xx_HAL_Driver/Src/stm32f4xx_hal_uart.c.obj
                0x08001bc0                UART_Start_Receive_DMA
 .text.UART_EndTxTransfer
                0x08001cf4       0x50 cmake/stm32cubemx/CMakeFiles/STM32_Drivers.dir/__/__/Drivers/STM32F4xx_HAL_Driver/Src/stm32f4xx_hal_uart.c.obj
 .text.UART_EndRxTransfer
                0x08001d44       0xc6 cmake/stm32cubemx/CMakeFiles/STM32_Drivers.dir/__/__/Drivers/STM32F4xx_HAL_Driver/Src/stm32f4xx_hal_uart.c.obj
 *fill*         0x08001e0a        0x2 
 .text.UART_SetConfig
                0x08001e0c      0x4e8 cmake/stm32cubemx/CMakeFiles/STM32_Drivers.dir/__/__/Drivers/STM32F4xx_HAL_Driver/Src/stm32f4xx_hal_uart.c.obj
 .text.HAL_RCC_OscConfig
                0x080022f4      0x4f0 cmake/stm32cubemx/CMakeFiles/STM32_Drivers.dir/__/__/Drivers/STM32F4xx_HAL_Driver/Src/stm32f4xx_hal_rcc.c.obj
                0x080022f4                HAL_RCC_OscConfig
 .text.HAL_RCC_ClockConfig
                0x080027e4      0x1cc cmake/stm32cubemx/CMakeFiles/STM32_Drivers.dir/__/__/Drivers/STM32F4xx_HAL_Driver/Src/stm32f4xx_hal_rcc.c.obj
                0x080027e4                HAL_RCC_ClockConfig
 .text.HAL_RCC_GetSysClockFreq
                0x080029b0      0x18c cmake/stm32cubemx/CMakeFiles/STM32_Drivers.dir/__/__/Drivers/STM32F4xx_HAL_Driver/Src/stm32f4xx_hal_rcc.c.obj
                0x080029b0                HAL_RCC_GetSysClockFreq
 .text.HAL_RCC_GetHCLKFreq
                0x08002b3c       0x18 cmake/stm32cubemx/CMakeFiles/STM32_Drivers.dir/__/__/Drivers/STM32F4xx_HAL_Driver/Src/stm32f4xx_hal_rcc.c.obj
                0x08002b3c                HAL_RCC_GetHCLKFreq
 .text.HAL_RCC_GetPCLK1Freq
                0x08002b54       0x28 cmake/stm32cubemx/CMakeFiles/STM32_Drivers.dir/__/__/Drivers/STM32F4xx_HAL_Driver/Src/stm32f4xx_hal_rcc.c.obj
                0x08002b54                HAL_RCC_GetPCLK1Freq
 .text.HAL_RCC_GetPCLK2Freq
                0x08002b7c       0x28 cmake/stm32cubemx/CMakeFiles/STM32_Drivers.dir/__/__/Drivers/STM32F4xx_HAL_Driver/Src/stm32f4xx_hal_rcc.c.obj
                0x08002b7c                HAL_RCC_GetPCLK2Freq
 .text.HAL_GPIO_Init
                0x08002ba4      0x338 cmake/stm32cubemx/CMakeFiles/STM32_Drivers.dir/__/__/Drivers/STM32F4xx_HAL_Driver/Src/stm32f4xx_hal_gpio.c.obj
                0x08002ba4                HAL_GPIO_Init
 .text.HAL_GPIO_DeInit
                0x08002edc      0x1f8 cmake/stm32cubemx/CMakeFiles/STM32_Drivers.dir/__/__/Drivers/STM32F4xx_HAL_Driver/Src/stm32f4xx_hal_gpio.c.obj
                0x08002edc                HAL_GPIO_DeInit
 .text.HAL_GPIO_WritePin
                0x080030d4       0x32 cmake/stm32cubemx/CMakeFiles/STM32_Drivers.dir/__/__/Drivers/STM32F4xx_HAL_Driver/Src/stm32f4xx_hal_gpio.c.obj
                0x080030d4                HAL_GPIO_WritePin
 *fill*         0x08003106        0x2 
 .text.HAL_DMA_Init
                0x08003108      0x15c cmake/stm32cubemx/CMakeFiles/STM32_Drivers.dir/__/__/Drivers/STM32F4xx_HAL_Driver/Src/stm32f4xx_hal_dma.c.obj
                0x08003108                HAL_DMA_Init
 .text.HAL_DMA_DeInit
                0x08003264       0xbc cmake/stm32cubemx/CMakeFiles/STM32_Drivers.dir/__/__/Drivers/STM32F4xx_HAL_Driver/Src/stm32f4xx_hal_dma.c.obj
                0x08003264                HAL_DMA_DeInit
 .text.HAL_DMA_Start_IT
                0x08003320       0xb0 cmake/stm32cubemx/CMakeFiles/STM32_Drivers.dir/__/__/Drivers/STM32F4xx_HAL_Driver/Src/stm32f4xx_hal_dma.c.obj
                0x08003320                HAL_DMA_Start_IT
 .text.DMA_SetConfig
                0x080033d0       0x5c cmake/stm32cubemx/CMakeFiles/STM32_Drivers.dir/__/__/Drivers/STM32F4xx_HAL_Driver/Src/stm32f4xx_hal_dma.c.obj
 .text.DMA_CalcBaseAndBitshift
                0x0800342c       0x6c cmake/stm32cubemx/CMakeFiles/STM32_Drivers.dir/__/__/Drivers/STM32F4xx_HAL_Driver/Src/stm32f4xx_hal_dma.c.obj
 .text.DMA_CheckFifoParam
                0x08003498       0xf8 cmake/stm32cubemx/CMakeFiles/STM32_Drivers.dir/__/__/Drivers/STM32F4xx_HAL_Driver/Src/stm32f4xx_hal_dma.c.obj
 .text.__NVIC_SetPriorityGrouping
                0x08003590       0x48 cmake/stm32cubemx/CMakeFiles/STM32_Drivers.dir/__/__/Drivers/STM32F4xx_HAL_Driver/Src/stm32f4xx_hal_cortex.c.obj
 .text.__NVIC_GetPriorityGrouping
                0x080035d8       0x1c cmake/stm32cubemx/CMakeFiles/STM32_Drivers.dir/__/__/Drivers/STM32F4xx_HAL_Driver/Src/stm32f4xx_hal_cortex.c.obj
 .text.__NVIC_SetPriority
                0x080035f4       0x54 cmake/stm32cubemx/CMakeFiles/STM32_Drivers.dir/__/__/Drivers/STM32F4xx_HAL_Driver/Src/stm32f4xx_hal_cortex.c.obj
 .text.NVIC_EncodePriority
                0x08003648       0x66 cmake/stm32cubemx/CMakeFiles/STM32_Drivers.dir/__/__/Drivers/STM32F4xx_HAL_Driver/Src/stm32f4xx_hal_cortex.c.obj
 *fill*         0x080036ae        0x2 
 .text.SysTick_Config
                0x080036b0       0x44 cmake/stm32cubemx/CMakeFiles/STM32_Drivers.dir/__/__/Drivers/STM32F4xx_HAL_Driver/Src/stm32f4xx_hal_cortex.c.obj
 .text.HAL_NVIC_SetPriorityGrouping
                0x080036f4       0x16 cmake/stm32cubemx/CMakeFiles/STM32_Drivers.dir/__/__/Drivers/STM32F4xx_HAL_Driver/Src/stm32f4xx_hal_cortex.c.obj
                0x080036f4                HAL_NVIC_SetPriorityGrouping
 .text.HAL_NVIC_SetPriority
                0x0800370a       0x38 cmake/stm32cubemx/CMakeFiles/STM32_Drivers.dir/__/__/Drivers/STM32F4xx_HAL_Driver/Src/stm32f4xx_hal_cortex.c.obj
                0x0800370a                HAL_NVIC_SetPriority
 .text.HAL_SYSTICK_Config
                0x08003742       0x18 cmake/stm32cubemx/CMakeFiles/STM32_Drivers.dir/__/__/Drivers/STM32F4xx_HAL_Driver/Src/stm32f4xx_hal_cortex.c.obj
                0x08003742                HAL_SYSTICK_Config
 *fill*         0x0800375a        0x2 
 .text.HAL_Init
                0x0800375c       0x44 cmake/stm32cubemx/CMakeFiles/STM32_Drivers.dir/__/__/Drivers/STM32F4xx_HAL_Driver/Src/stm32f4xx_hal.c.obj
                0x0800375c                HAL_Init
 .text.HAL_InitTick
                0x080037a0       0x60 cmake/stm32cubemx/CMakeFiles/STM32_Drivers.dir/__/__/Drivers/STM32F4xx_HAL_Driver/Src/stm32f4xx_hal.c.obj
                0x080037a0                HAL_InitTick
 .text.HAL_IncTick
                0x08003800       0x28 cmake/stm32cubemx/CMakeFiles/STM32_Drivers.dir/__/__/Drivers/STM32F4xx_HAL_Driver/Src/stm32f4xx_hal.c.obj
                0x08003800                HAL_IncTick
 .text.HAL_GetTick
                0x08003828       0x18 cmake/stm32cubemx/CMakeFiles/STM32_Drivers.dir/__/__/Drivers/STM32F4xx_HAL_Driver/Src/stm32f4xx_hal.c.obj
                0x08003828                HAL_GetTick
 .text.HAL_Delay
                0x08003840       0x48 cmake/stm32cubemx/CMakeFiles/STM32_Drivers.dir/__/__/Drivers/STM32F4xx_HAL_Driver/Src/stm32f4xx_hal.c.obj
                0x08003840                HAL_Delay
 .text.main     0x08003888       0x28 CMakeFiles/stm32f407-bd.dir/Core/Src/main.c.obj
                0x08003888                main
 .text.SystemClock_Config
                0x080038b0       0xd4 CMakeFiles/stm32f407-bd.dir/Core/Src/main.c.obj
                0x080038b0                SystemClock_Config
 .text.MX_USART1_UART_Init
                0x08003984       0x54 CMakeFiles/stm32f407-bd.dir/Core/Src/main.c.obj
 .text.MX_DMA_Init
                0x080039d8       0x34 CMakeFiles/stm32f407-bd.dir/Core/Src/main.c.obj
 .text.MX_GPIO_Init
                0x08003a0c       0xc0 CMakeFiles/stm32f407-bd.dir/Core/Src/main.c.obj
 .text.Error_Handler
                0x08003acc        0xc CMakeFiles/stm32f407-bd.dir/Core/Src/main.c.obj
                0x08003acc                Error_Handler
 .text.NMI_Handler
                0x08003ad8        0x8 CMakeFiles/stm32f407-bd.dir/Core/Src/stm32f4xx_it.c.obj
                0x08003ad8                NMI_Handler
 .text.HardFault_Handler
                0x08003ae0        0x8 CMakeFiles/stm32f407-bd.dir/Core/Src/stm32f4xx_it.c.obj
                0x08003ae0                HardFault_Handler
 .text.MemManage_Handler
                0x08003ae8        0x8 CMakeFiles/stm32f407-bd.dir/Core/Src/stm32f4xx_it.c.obj
                0x08003ae8                MemManage_Handler
 .text.BusFault_Handler
                0x08003af0        0x8 CMakeFiles/stm32f407-bd.dir/Core/Src/stm32f4xx_it.c.obj
                0x08003af0                BusFault_Handler
 .text.UsageFault_Handler
                0x08003af8        0x8 CMakeFiles/stm32f407-bd.dir/Core/Src/stm32f4xx_it.c.obj
                0x08003af8                UsageFault_Handler
 .text.SVC_Handler
                0x08003b00        0xe CMakeFiles/stm32f407-bd.dir/Core/Src/stm32f4xx_it.c.obj
                0x08003b00                SVC_Handler
 .text.DebugMon_Handler
                0x08003b0e        0xe CMakeFiles/stm32f407-bd.dir/Core/Src/stm32f4xx_it.c.obj
                0x08003b0e                DebugMon_Handler
 .text.PendSV_Handler
                0x08003b1c        0xe CMakeFiles/stm32f407-bd.dir/Core/Src/stm32f4xx_it.c.obj
                0x08003b1c                PendSV_Handler
 .text.SysTick_Handler
                0x08003b2a        0xc CMakeFiles/stm32f407-bd.dir/Core/Src/stm32f4xx_it.c.obj
                0x08003b2a                SysTick_Handler
 *fill*         0x08003b36        0x2 
 .text.HAL_MspInit
                0x08003b38       0x50 CMakeFiles/stm32f407-bd.dir/Core/Src/stm32f4xx_hal_msp.c.obj
                0x08003b38                HAL_MspInit
 .text.HAL_UART_MspInit
                0x08003b88       0xf8 CMakeFiles/stm32f407-bd.dir/Core/Src/stm32f4xx_hal_msp.c.obj
                0x08003b88                HAL_UART_MspInit
 .text.HAL_UART_MspDeInit
                0x08003c80       0x48 CMakeFiles/stm32f407-bd.dir/Core/Src/stm32f4xx_hal_msp.c.obj
                0x08003c80                HAL_UART_MspDeInit
 .text._sbrk    0x08003cc8       0x6c CMakeFiles/stm32f407-bd.dir/Core/Src/sysmem.c.obj
                0x08003cc8                _sbrk
 .text._getpid  0x08003d34       0x10 CMakeFiles/stm32f407-bd.dir/Core/Src/syscalls.c.obj
                0x08003d34                _getpid
 .text._kill    0x08003d44       0x20 CMakeFiles/stm32f407-bd.dir/Core/Src/syscalls.c.obj
                0x08003d44                _kill
 .text._exit    0x08003d64       0x16 CMakeFiles/stm32f407-bd.dir/Core/Src/syscalls.c.obj
                0x08003d64                _exit
 .text._read    0x08003d7a       0x3a CMakeFiles/stm32f407-bd.dir/Core/Src/syscalls.c.obj
                0x08003d7a                _read
 .text._write   0x08003db4       0x38 CMakeFiles/stm32f407-bd.dir/Core/Src/syscalls.c.obj
                0x08003db4                _write
 .text._close   0x08003dec       0x18 CMakeFiles/stm32f407-bd.dir/Core/Src/syscalls.c.obj
                0x08003dec                _close
 .text._fstat   0x08003e04       0x20 CMakeFiles/stm32f407-bd.dir/Core/Src/syscalls.c.obj
                0x08003e04                _fstat
 .text._isatty  0x08003e24       0x16 CMakeFiles/stm32f407-bd.dir/Core/Src/syscalls.c.obj
                0x08003e24                _isatty
 .text._lseek   0x08003e3a       0x1a CMakeFiles/stm32f407-bd.dir/Core/Src/syscalls.c.obj
                0x08003e3a                _lseek
 .text.Reset_Handler
                0x08003e54       0x50 CMakeFiles/stm32f407-bd.dir/startup_stm32f407xx.s.obj
                0x08003e54                Reset_Handler
 .text.Default_Handler
                0x08003ea4        0x2 CMakeFiles/stm32f407-bd.dir/startup_stm32f407xx.s.obj
                0x08003ea4                RTC_Alarm_IRQHandler
                0x08003ea4                HASH_RNG_IRQHandler
                0x08003ea4                EXTI2_IRQHandler
                0x08003ea4                TIM8_CC_IRQHandler
                0x08003ea4                TIM1_CC_IRQHandler
                0x08003ea4                DMA2_Stream5_IRQHandler
                0x08003ea4                DMA1_Stream5_IRQHandler
                0x08003ea4                PVD_IRQHandler
                0x08003ea4                SDIO_IRQHandler
                0x08003ea4                TAMP_STAMP_IRQHandler
                0x08003ea4                CAN2_RX1_IRQHandler
                0x08003ea4                EXTI3_IRQHandler
                0x08003ea4                TIM8_TRG_COM_TIM14_IRQHandler
                0x08003ea4                TIM1_UP_TIM10_IRQHandler
                0x08003ea4                TIM8_UP_TIM13_IRQHandler
                0x08003ea4                I2C3_ER_IRQHandler
                0x08003ea4                EXTI0_IRQHandler
                0x08003ea4                I2C2_EV_IRQHandler
                0x08003ea4                DMA1_Stream2_IRQHandler
                0x08003ea4                CAN1_RX0_IRQHandler
                0x08003ea4                FPU_IRQHandler
                0x08003ea4                OTG_HS_WKUP_IRQHandler
                0x08003ea4                CAN2_SCE_IRQHandler
                0x08003ea4                DMA2_Stream2_IRQHandler
                0x08003ea4                SPI1_IRQHandler
                0x08003ea4                TIM6_DAC_IRQHandler
                0x08003ea4                TIM1_BRK_TIM9_IRQHandler
                0x08003ea4                DCMI_IRQHandler
                0x08003ea4                CAN2_RX0_IRQHandler
                0x08003ea4                DMA2_Stream3_IRQHandler
                0x08003ea4                USART6_IRQHandler
                0x08003ea4                USART3_IRQHandler
                0x08003ea4                CAN1_RX1_IRQHandler
                0x08003ea4                UART5_IRQHandler
                0x08003ea4                DMA2_Stream0_IRQHandler
                0x08003ea4                TIM4_IRQHandler
                0x08003ea4                I2C1_EV_IRQHandler
                0x08003ea4                DMA1_Stream6_IRQHandler
                0x08003ea4                DMA1_Stream1_IRQHandler
                0x08003ea4                UART4_IRQHandler
                0x08003ea4                TIM3_IRQHandler
                0x08003ea4                RCC_IRQHandler
                0x08003ea4                TIM8_BRK_TIM12_IRQHandler
                0x08003ea4                Default_Handler
                0x08003ea4                EXTI15_10_IRQHandler
                0x08003ea4                ADC_IRQHandler
                0x08003ea4                DMA1_Stream7_IRQHandler
                0x08003ea4                TIM7_IRQHandler
                0x08003ea4                CAN2_TX_IRQHandler
                0x08003ea4                TIM5_IRQHandler
                0x08003ea4                DMA2_Stream7_IRQHandler
                0x08003ea4                I2C3_EV_IRQHandler
                0x08003ea4                EXTI9_5_IRQHandler
                0x08003ea4                RTC_WKUP_IRQHandler
                0x08003ea4                ETH_WKUP_IRQHandler
                0x08003ea4                SPI2_IRQHandler
                0x08003ea4                OTG_HS_EP1_IN_IRQHandler
                0x08003ea4                DMA1_Stream0_IRQHandler
                0x08003ea4                CAN1_TX_IRQHandler
                0x08003ea4                EXTI4_IRQHandler
                0x08003ea4                FSMC_IRQHandler
                0x08003ea4                ETH_IRQHandler
                0x08003ea4                OTG_HS_EP1_OUT_IRQHandler
                0x08003ea4                WWDG_IRQHandler
                0x08003ea4                TIM2_IRQHandler
                0x08003ea4                OTG_FS_WKUP_IRQHandler
                0x08003ea4                TIM1_TRG_COM_TIM11_IRQHandler
                0x08003ea4                OTG_HS_IRQHandler
                0x08003ea4                EXTI1_IRQHandler
                0x08003ea4                USART2_IRQHandler
                0x08003ea4                I2C2_ER_IRQHandler
                0x08003ea4                DMA2_Stream1_IRQHandler
                0x08003ea4                CAN1_SCE_IRQHandler
                0x08003ea4                FLASH_IRQHandler
                0x08003ea4                DMA2_Stream4_IRQHandler
                0x08003ea4                USART1_IRQHandler
                0x08003ea4                OTG_FS_IRQHandler
                0x08003ea4                SPI3_IRQHandler
                0x08003ea4                DMA1_Stream4_IRQHandler
                0x08003ea4                I2C1_ER_IRQHandler
                0x08003ea4                DMA2_Stream6_IRQHandler
                0x08003ea4                DMA1_Stream3_IRQHandler
 .text.apInit   0x08003ea6       0x16 CMakeFiles/stm32f407-bd.dir/App/ap/ap.c.obj
                0x08003ea6                apInit
 .text.apMain   0x08003ebc        0xa CMakeFiles/stm32f407-bd.dir/App/ap/ap.c.obj
                0x08003ebc                apMain
 *fill*         0x08003ec6        0x2 
 .text.cliInit  0x08003ec8       0x9c CMakeFiles/stm32f407-bd.dir/App/common/src/cli.c.obj
                0x08003ec8                cliInit
 .text.cliOpen  0x08003f64       0x58 CMakeFiles/stm32f407-bd.dir/App/common/src/cli.c.obj
                0x08003f64                cliOpen
 .text.cliShowLog
                0x08003fbc      0x104 CMakeFiles/stm32f407-bd.dir/App/common/src/cli.c.obj
                0x08003fbc                cliShowLog
 .text.cliShowPrompt
                0x080040c0       0x30 CMakeFiles/stm32f407-bd.dir/App/common/src/cli.c.obj
 .text.cliMain  0x080040f0       0x44 CMakeFiles/stm32f407-bd.dir/App/common/src/cli.c.obj
                0x080040f0                cliMain
 .text.cliLogo  0x08004134       0x24 CMakeFiles/stm32f407-bd.dir/App/common/src/cli.c.obj
                0x08004134                cliLogo
 .text.cliUpdate
                0x08004158      0x4c4 CMakeFiles/stm32f407-bd.dir/App/common/src/cli.c.obj
 .text.cliLineClean
                0x0800461c       0x34 CMakeFiles/stm32f407-bd.dir/App/common/src/cli.c.obj
 .text.cliLineAdd
                0x08004650       0x88 CMakeFiles/stm32f407-bd.dir/App/common/src/cli.c.obj
 .text.cliLineChange
                0x080046d8      0x114 CMakeFiles/stm32f407-bd.dir/App/common/src/cli.c.obj
 .text.cliRunCmd
                0x080047ec       0xc0 CMakeFiles/stm32f407-bd.dir/App/common/src/cli.c.obj
 .text.cliParseArgs
                0x080048ac       0x90 CMakeFiles/stm32f407-bd.dir/App/common/src/cli.c.obj
 .text.cliPrintf
                0x0800493c       0x48 CMakeFiles/stm32f407-bd.dir/App/common/src/cli.c.obj
                0x0800493c                cliPrintf
 .text.cliToUpper
                0x08004984       0x68 CMakeFiles/stm32f407-bd.dir/App/common/src/cli.c.obj
 .text.cliArgsGetData
                0x080049ec       0x50 CMakeFiles/stm32f407-bd.dir/App/common/src/cli.c.obj
 .text.cliArgsGetFloat
                0x08004a3c       0x58 CMakeFiles/stm32f407-bd.dir/App/common/src/cli.c.obj
 .text.cliArgsGetStr
                0x08004a94       0x48 CMakeFiles/stm32f407-bd.dir/App/common/src/cli.c.obj
 .text.cliArgsIsStr
                0x08004adc       0x54 CMakeFiles/stm32f407-bd.dir/App/common/src/cli.c.obj
 .text.cliAdd   0x08004b30       0x90 CMakeFiles/stm32f407-bd.dir/App/common/src/cli.c.obj
                0x08004b30                cliAdd
 .text.cliShowList
                0x08004bc0       0x70 CMakeFiles/stm32f407-bd.dir/App/common/src/cli.c.obj
                0x08004bc0                cliShowList
 .text.cliMemoryDump
                0x08004c30      0x14c CMakeFiles/stm32f407-bd.dir/App/common/src/cli.c.obj
                0x08004c30                cliMemoryDump
 .text.qbufferCreate
                0x08004d7c       0x3c CMakeFiles/stm32f407-bd.dir/App/common/src/qbuffer.c.obj
                0x08004d7c                qbufferCreate
 .text.qbufferRead
                0x08004db8       0xb2 CMakeFiles/stm32f407-bd.dir/App/common/src/qbuffer.c.obj
                0x08004db8                qbufferRead
 .text.qbufferAvailable
                0x08004e6a       0x36 CMakeFiles/stm32f407-bd.dir/App/common/src/qbuffer.c.obj
                0x08004e6a                qbufferAvailable
 .text.hwInit   0x08004ea0       0x3c CMakeFiles/stm32f407-bd.dir/App/hw/hw.c.obj
                0x08004ea0                hwInit
 .text.delay    0x08004edc       0x16 CMakeFiles/stm32f407-bd.dir/App/hw/hw.c.obj
                0x08004edc                delay
 .text.ledInit  0x08004ef2       0x2c CMakeFiles/stm32f407-bd.dir/App/hw/src/led.c.obj
                0x08004ef2                ledInit
 *fill*         0x08004f1e        0x2 
 .text.ledOff   0x08004f20       0x40 CMakeFiles/stm32f407-bd.dir/App/hw/src/led.c.obj
                0x08004f20                ledOff
 .text.uartInit
                0x08004f60       0x9c CMakeFiles/stm32f407-bd.dir/App/hw/src/uart.c.obj
                0x08004f60                uartInit
 .text.uartOpen
                0x08004ffc      0x1a4 CMakeFiles/stm32f407-bd.dir/App/hw/src/uart.c.obj
                0x08004ffc                uartOpen
 .text.uartAvailable
                0x080051a0       0x80 CMakeFiles/stm32f407-bd.dir/App/hw/src/uart.c.obj
                0x080051a0                uartAvailable
 .text.uartRead
                0x08005220       0x38 CMakeFiles/stm32f407-bd.dir/App/hw/src/uart.c.obj
                0x08005220                uartRead
 .text.uartWrite
                0x08005258       0x54 CMakeFiles/stm32f407-bd.dir/App/hw/src/uart.c.obj
                0x08005258                uartWrite
 .text.uartPrintf
                0x080052ac       0x82 CMakeFiles/stm32f407-bd.dir/App/hw/src/uart.c.obj
                0x080052ac                uartPrintf
 .text.sulp     0x0800532e       0x3c C:/ST/STM32CubeCLT_1.18.0/GNU-tools-for-STM32/bin/../lib/gcc/arm-none-eabi/13.3.1/../../../../arm-none-eabi/lib/thumb/v7e-m+fp/hard\libg_nano.a(libc_a-strtod.o)
 *fill*         0x0800536a        0x6 
 .text._strtod_l
                0x08005370      0xbc8 C:/ST/STM32CubeCLT_1.18.0/GNU-tools-for-STM32/bin/../lib/gcc/arm-none-eabi/13.3.1/../../../../arm-none-eabi/lib/thumb/v7e-m+fp/hard\libg_nano.a(libc_a-strtod.o)
                0x08005370                _strtod_l
 .text.strtof   0x08005f38       0xc8 C:/ST/STM32CubeCLT_1.18.0/GNU-tools-for-STM32/bin/../lib/gcc/arm-none-eabi/13.3.1/../../../../arm-none-eabi/lib/thumb/v7e-m+fp/hard\libg_nano.a(libc_a-strtod.o)
                0x08005f38                strtof
 .text._strtoul_l.isra.0
                0x08006000       0xdc C:/ST/STM32CubeCLT_1.18.0/GNU-tools-for-STM32/bin/../lib/gcc/arm-none-eabi/13.3.1/../../../../arm-none-eabi/lib/thumb/v7e-m+fp/hard\libg_nano.a(libc_a-strtoul.o)
 .text.strtoul  0x080060dc       0x14 C:/ST/STM32CubeCLT_1.18.0/GNU-tools-for-STM32/bin/../lib/gcc/arm-none-eabi/13.3.1/../../../../arm-none-eabi/lib/thumb/v7e-m+fp/hard\libg_nano.a(libc_a-strtoul.o)
                0x080060dc                strtoul
 .text._vsnprintf_r
                0x080060f0       0x5c C:/ST/STM32CubeCLT_1.18.0/GNU-tools-for-STM32/bin/../lib/gcc/arm-none-eabi/13.3.1/../../../../arm-none-eabi/lib/thumb/v7e-m+fp/hard\libg_nano.a(libc_a-vsnprintf.o)
                0x080060f0                _vsniprintf_r
                0x080060f0                _vsnprintf_r
 .text.vsnprintf
                0x0800614c       0x1c C:/ST/STM32CubeCLT_1.18.0/GNU-tools-for-STM32/bin/../lib/gcc/arm-none-eabi/13.3.1/../../../../arm-none-eabi/lib/thumb/v7e-m+fp/hard\libg_nano.a(libc_a-vsnprintf.o)
                0x0800614c                vsniprintf
                0x0800614c                vsnprintf
 .text.strncmp  0x08006168       0x24 C:/ST/STM32CubeCLT_1.18.0/GNU-tools-for-STM32/bin/../lib/gcc/arm-none-eabi/13.3.1/../../../../arm-none-eabi/lib/thumb/v7e-m+fp/hard\libg_nano.a(libc_a-strncmp.o)
                0x08006168                strncmp
 .text.__strtok_r
                0x0800618c       0x50 C:/ST/STM32CubeCLT_1.18.0/GNU-tools-for-STM32/bin/../lib/gcc/arm-none-eabi/13.3.1/../../../../arm-none-eabi/lib/thumb/v7e-m+fp/hard\libg_nano.a(libc_a-strtok_r.o)
                0x0800618c                __strtok_r
 .text.strtok_r
                0x080061dc        0x6 C:/ST/STM32CubeCLT_1.18.0/GNU-tools-for-STM32/bin/../lib/gcc/arm-none-eabi/13.3.1/../../../../arm-none-eabi/lib/thumb/v7e-m+fp/hard\libg_nano.a(libc_a-strtok_r.o)
                0x080061dc                strtok_r
 *fill*         0x080061e2        0x2 
 .text.__errno  0x080061e4        0xc C:/ST/STM32CubeCLT_1.18.0/GNU-tools-for-STM32/bin/../lib/gcc/arm-none-eabi/13.3.1/../../../../arm-none-eabi/lib/thumb/v7e-m+fp/hard\libg_nano.a(libc_a-errno.o)
                0x080061e4                __errno
 .text.strcpy   0x080061f0       0x10 C:/ST/STM32CubeCLT_1.18.0/GNU-tools-for-STM32/bin/../lib/gcc/arm-none-eabi/13.3.1/../../../../arm-none-eabi/lib/thumb/v7e-m+fp/hard\libg_nano.a(libc_a-strcpy.o)
                0x080061f0                strcpy
 .text.memcpy   0x08006200       0x1c C:/ST/STM32CubeCLT_1.18.0/GNU-tools-for-STM32/bin/../lib/gcc/arm-none-eabi/13.3.1/../../../../arm-none-eabi/lib/thumb/v7e-m+fp/hard\libg_nano.a(libc_a-memcpy-stub.o)
                0x08006200                memcpy
 *fill*         0x0800621c        0x4 
 .text.nan      0x08006220       0x10 C:/ST/STM32CubeCLT_1.18.0/GNU-tools-for-STM32/bin/../lib/gcc/arm-none-eabi/13.3.1/../../../../arm-none-eabi/lib/thumb/v7e-m+fp/hard\libg_nano.a(libm_a-s_nan.o)
                0x08006220                nan
 .text.nanf     0x08006230        0xc C:/ST/STM32CubeCLT_1.18.0/GNU-tools-for-STM32/bin/../lib/gcc/arm-none-eabi/13.3.1/../../../../arm-none-eabi/lib/thumb/v7e-m+fp/hard\libg_nano.a(libm_a-sf_nan.o)
                0x08006230                nanf
 .text.rshift   0x0800623c       0xa4 C:/ST/STM32CubeCLT_1.18.0/GNU-tools-for-STM32/bin/../lib/gcc/arm-none-eabi/13.3.1/../../../../arm-none-eabi/lib/thumb/v7e-m+fp/hard\libg_nano.a(libc_a-gdtoa-gethex.o)
 .text.__hexdig_fun
                0x080062e0       0x2a C:/ST/STM32CubeCLT_1.18.0/GNU-tools-for-STM32/bin/../lib/gcc/arm-none-eabi/13.3.1/../../../../arm-none-eabi/lib/thumb/v7e-m+fp/hard\libg_nano.a(libc_a-gdtoa-gethex.o)
                0x080062e0                __hexdig_fun
 *fill*         0x0800630a        0x2 
 .text.__gethex
                0x0800630c      0x420 C:/ST/STM32CubeCLT_1.18.0/GNU-tools-for-STM32/bin/../lib/gcc/arm-none-eabi/13.3.1/../../../../arm-none-eabi/lib/thumb/v7e-m+fp/hard\libg_nano.a(libc_a-gdtoa-gethex.o)
                0x0800630c                __gethex
 .text.L_shift  0x0800672c       0x24 C:/ST/STM32CubeCLT_1.18.0/GNU-tools-for-STM32/bin/../lib/gcc/arm-none-eabi/13.3.1/../../../../arm-none-eabi/lib/thumb/v7e-m+fp/hard\libg_nano.a(libc_a-gdtoa-hexnan.o)
 .text.__match  0x08006750       0x28 C:/ST/STM32CubeCLT_1.18.0/GNU-tools-for-STM32/bin/../lib/gcc/arm-none-eabi/13.3.1/../../../../arm-none-eabi/lib/thumb/v7e-m+fp/hard\libg_nano.a(libc_a-gdtoa-hexnan.o)
                0x08006750                __match
 .text.__hexnan
                0x08006778      0x136 C:/ST/STM32CubeCLT_1.18.0/GNU-tools-for-STM32/bin/../lib/gcc/arm-none-eabi/13.3.1/../../../../arm-none-eabi/lib/thumb/v7e-m+fp/hard\libg_nano.a(libc_a-gdtoa-hexnan.o)
                0x08006778                __hexnan
 .text.__ascii_mbtowc
                0x080068ae       0x24 C:/ST/STM32CubeCLT_1.18.0/GNU-tools-for-STM32/bin/../lib/gcc/arm-none-eabi/13.3.1/../../../../arm-none-eabi/lib/thumb/v7e-m+fp/hard\libg_nano.a(libc_a-mbtowc_r.o)
                0x080068ae                __ascii_mbtowc
 *fill*         0x080068d2        0x2 
 .text._Balloc  0x080068d4       0x80 C:/ST/STM32CubeCLT_1.18.0/GNU-tools-for-STM32/bin/../lib/gcc/arm-none-eabi/13.3.1/../../../../arm-none-eabi/lib/thumb/v7e-m+fp/hard\libg_nano.a(libc_a-mprec.o)
                0x080068d4                _Balloc
 .text._Bfree   0x08006954       0x44 C:/ST/STM32CubeCLT_1.18.0/GNU-tools-for-STM32/bin/../lib/gcc/arm-none-eabi/13.3.1/../../../../arm-none-eabi/lib/thumb/v7e-m+fp/hard\libg_nano.a(libc_a-mprec.o)
                0x08006954                _Bfree
 .text.__multadd
                0x08006998       0x8c C:/ST/STM32CubeCLT_1.18.0/GNU-tools-for-STM32/bin/../lib/gcc/arm-none-eabi/13.3.1/../../../../arm-none-eabi/lib/thumb/v7e-m+fp/hard\libg_nano.a(libc_a-mprec.o)
                0x08006998                __multadd
 .text.__s2b    0x08006a24       0x94 C:/ST/STM32CubeCLT_1.18.0/GNU-tools-for-STM32/bin/../lib/gcc/arm-none-eabi/13.3.1/../../../../arm-none-eabi/lib/thumb/v7e-m+fp/hard\libg_nano.a(libc_a-mprec.o)
                0x08006a24                __s2b
 .text.__hi0bits
                0x08006ab8       0x3e C:/ST/STM32CubeCLT_1.18.0/GNU-tools-for-STM32/bin/../lib/gcc/arm-none-eabi/13.3.1/../../../../arm-none-eabi/lib/thumb/v7e-m+fp/hard\libg_nano.a(libc_a-mprec.o)
                0x08006ab8                __hi0bits
 .text.__lo0bits
                0x08006af6       0x5a C:/ST/STM32CubeCLT_1.18.0/GNU-tools-for-STM32/bin/../lib/gcc/arm-none-eabi/13.3.1/../../../../arm-none-eabi/lib/thumb/v7e-m+fp/hard\libg_nano.a(libc_a-mprec.o)
                0x08006af6                __lo0bits
 .text.__i2b    0x08006b50       0x2c C:/ST/STM32CubeCLT_1.18.0/GNU-tools-for-STM32/bin/../lib/gcc/arm-none-eabi/13.3.1/../../../../arm-none-eabi/lib/thumb/v7e-m+fp/hard\libg_nano.a(libc_a-mprec.o)
                0x08006b50                __i2b
 .text.__multiply
                0x08006b7c      0x144 C:/ST/STM32CubeCLT_1.18.0/GNU-tools-for-STM32/bin/../lib/gcc/arm-none-eabi/13.3.1/../../../../arm-none-eabi/lib/thumb/v7e-m+fp/hard\libg_nano.a(libc_a-mprec.o)
                0x08006b7c                __multiply
 .text.__pow5mult
                0x08006cc0       0xb4 C:/ST/STM32CubeCLT_1.18.0/GNU-tools-for-STM32/bin/../lib/gcc/arm-none-eabi/13.3.1/../../../../arm-none-eabi/lib/thumb/v7e-m+fp/hard\libg_nano.a(libc_a-mprec.o)
                0x08006cc0                __pow5mult
 .text.__lshift
                0x08006d74       0xd8 C:/ST/STM32CubeCLT_1.18.0/GNU-tools-for-STM32/bin/../lib/gcc/arm-none-eabi/13.3.1/../../../../arm-none-eabi/lib/thumb/v7e-m+fp/hard\libg_nano.a(libc_a-mprec.o)
                0x08006d74                __lshift
 .text.__mcmp   0x08006e4c       0x36 C:/ST/STM32CubeCLT_1.18.0/GNU-tools-for-STM32/bin/../lib/gcc/arm-none-eabi/13.3.1/../../../../arm-none-eabi/lib/thumb/v7e-m+fp/hard\libg_nano.a(libc_a-mprec.o)
                0x08006e4c                __mcmp
 *fill*         0x08006e82        0x2 
 .text.__mdiff  0x08006e84      0x128 C:/ST/STM32CubeCLT_1.18.0/GNU-tools-for-STM32/bin/../lib/gcc/arm-none-eabi/13.3.1/../../../../arm-none-eabi/lib/thumb/v7e-m+fp/hard\libg_nano.a(libc_a-mprec.o)
                0x08006e84                __mdiff
 .text.__ulp    0x08006fac       0x4c C:/ST/STM32CubeCLT_1.18.0/GNU-tools-for-STM32/bin/../lib/gcc/arm-none-eabi/13.3.1/../../../../arm-none-eabi/lib/thumb/v7e-m+fp/hard\libg_nano.a(libc_a-mprec.o)
                0x08006fac                __ulp
 .text.__b2d    0x08006ff8       0x94 C:/ST/STM32CubeCLT_1.18.0/GNU-tools-for-STM32/bin/../lib/gcc/arm-none-eabi/13.3.1/../../../../arm-none-eabi/lib/thumb/v7e-m+fp/hard\libg_nano.a(libc_a-mprec.o)
                0x08006ff8                __b2d
 .text.__d2b    0x0800708c       0xb0 C:/ST/STM32CubeCLT_1.18.0/GNU-tools-for-STM32/bin/../lib/gcc/arm-none-eabi/13.3.1/../../../../arm-none-eabi/lib/thumb/v7e-m+fp/hard\libg_nano.a(libc_a-mprec.o)
                0x0800708c                __d2b
 .text.__ratio  0x0800713c       0x64 C:/ST/STM32CubeCLT_1.18.0/GNU-tools-for-STM32/bin/../lib/gcc/arm-none-eabi/13.3.1/../../../../arm-none-eabi/lib/thumb/v7e-m+fp/hard\libg_nano.a(libc_a-mprec.o)
                0x0800713c                __ratio
 .text.__copybits
                0x080071a0       0x46 C:/ST/STM32CubeCLT_1.18.0/GNU-tools-for-STM32/bin/../lib/gcc/arm-none-eabi/13.3.1/../../../../arm-none-eabi/lib/thumb/v7e-m+fp/hard\libg_nano.a(libc_a-mprec.o)
                0x080071a0                __copybits
 .text.__any_on
                0x080071e6       0x42 C:/ST/STM32CubeCLT_1.18.0/GNU-tools-for-STM32/bin/../lib/gcc/arm-none-eabi/13.3.1/../../../../arm-none-eabi/lib/thumb/v7e-m+fp/hard\libg_nano.a(libc_a-mprec.o)
                0x080071e6                __any_on
 .text.__ascii_wctomb
                0x08007228       0x1a C:/ST/STM32CubeCLT_1.18.0/GNU-tools-for-STM32/bin/../lib/gcc/arm-none-eabi/13.3.1/../../../../arm-none-eabi/lib/thumb/v7e-m+fp/hard\libg_nano.a(libc_a-wctomb_r.o)
                0x08007228                __ascii_wctomb
 .text.__ssputs_r
                0x08007242       0xb6 C:/ST/STM32CubeCLT_1.18.0/GNU-tools-for-STM32/bin/../lib/gcc/arm-none-eabi/13.3.1/../../../../arm-none-eabi/lib/thumb/v7e-m+fp/hard\libg_nano.a(libc_a-nano-svfprintf.o)
                0x08007242                __ssputs_r
 .text._svfprintf_r
                0x080072f8      0x1f8 C:/ST/STM32CubeCLT_1.18.0/GNU-tools-for-STM32/bin/../lib/gcc/arm-none-eabi/13.3.1/../../../../arm-none-eabi/lib/thumb/v7e-m+fp/hard\libg_nano.a(libc_a-nano-svfprintf.o)
                0x080072f8                _svfiprintf_r
                0x080072f8                _svfprintf_r
 .text._printf_common
                0x080074f0       0xda C:/ST/STM32CubeCLT_1.18.0/GNU-tools-for-STM32/bin/../lib/gcc/arm-none-eabi/13.3.1/../../../../arm-none-eabi/lib/thumb/v7e-m+fp/hard\libg_nano.a(libc_a-nano-vfprintf_i.o)
                0x080074f0                _printf_common
 *fill*         0x080075ca        0x2 
 .text._printf_i
                0x080075cc      0x23c C:/ST/STM32CubeCLT_1.18.0/GNU-tools-for-STM32/bin/../lib/gcc/arm-none-eabi/13.3.1/../../../../arm-none-eabi/lib/thumb/v7e-m+fp/hard\libg_nano.a(libc_a-nano-vfprintf_i.o)
                0x080075cc                _printf_i
 .text.memmove  0x08007808       0x34 C:/ST/STM32CubeCLT_1.18.0/GNU-tools-for-STM32/bin/../lib/gcc/arm-none-eabi/13.3.1/../../../../arm-none-eabi/lib/thumb/v7e-m+fp/hard\libg_nano.a(libc_a-memmove.o)
                0x08007808                memmove
 .text.__assert_func
                0x0800783c       0x3c C:/ST/STM32CubeCLT_1.18.0/GNU-tools-for-STM32/bin/../lib/gcc/arm-none-eabi/13.3.1/../../../../arm-none-eabi/lib/thumb/v7e-m+fp/hard\libg_nano.a(libc_a-assert.o)
                0x0800783c                __assert_func
 .text._calloc_r
                0x08007878       0x28 C:/ST/STM32CubeCLT_1.18.0/GNU-tools-for-STM32/bin/../lib/gcc/arm-none-eabi/13.3.1/../../../../arm-none-eabi/lib/thumb/v7e-m+fp/hard\libg_nano.a(libc_a-callocr.o)
                0x08007878                _calloc_r
 .text.malloc   0x080078a0       0x10 C:/ST/STM32CubeCLT_1.18.0/GNU-tools-for-STM32/bin/../lib/gcc/arm-none-eabi/13.3.1/../../../../arm-none-eabi/lib/thumb/v7e-m+fp/hard\libg_nano.a(libc_a-malloc.o)
                0x080078a0                malloc
 .text._realloc_r
                0x080078b0       0x5c C:/ST/STM32CubeCLT_1.18.0/GNU-tools-for-STM32/bin/../lib/gcc/arm-none-eabi/13.3.1/../../../../arm-none-eabi/lib/thumb/v7e-m+fp/hard\libg_nano.a(libc_a-reallocr.o)
                0x080078b0                _realloc_r
 .text.fprintf  0x0800790c       0x24 C:/ST/STM32CubeCLT_1.18.0/GNU-tools-for-STM32/bin/../lib/gcc/arm-none-eabi/13.3.1/../../../../arm-none-eabi/lib/thumb/v7e-m+fp/hard\libg_nano.a(libc_a-fprintf.o)
                0x0800790c                fiprintf
                0x0800790c                fprintf
 .text.abort    0x08007930        0xe C:/ST/STM32CubeCLT_1.18.0/GNU-tools-for-STM32/bin/../lib/gcc/arm-none-eabi/13.3.1/../../../../arm-none-eabi/lib/thumb/v7e-m+fp/hard\libg_nano.a(libc_a-abort.o)
                0x08007930                abort
 .text._malloc_usable_size_r
                0x0800793e       0x10 C:/ST/STM32CubeCLT_1.18.0/GNU-tools-for-STM32/bin/../lib/gcc/arm-none-eabi/13.3.1/../../../../arm-none-eabi/lib/thumb/v7e-m+fp/hard\libg_nano.a(libc_a-msizer.o)
                0x0800793e                _malloc_usable_size_r
 .text.__sfputc_r
                0x0800794e       0x2e C:/ST/STM32CubeCLT_1.18.0/GNU-tools-for-STM32/bin/../lib/gcc/arm-none-eabi/13.3.1/../../../../arm-none-eabi/lib/thumb/v7e-m+fp/hard\libg_nano.a(libc_a-nano-vfprintf.o)
 .text.__sfputs_r
                0x0800797c       0x24 C:/ST/STM32CubeCLT_1.18.0/GNU-tools-for-STM32/bin/../lib/gcc/arm-none-eabi/13.3.1/../../../../arm-none-eabi/lib/thumb/v7e-m+fp/hard\libg_nano.a(libc_a-nano-vfprintf.o)
                0x0800797c                __sfputs_r
 .text._vfprintf_r
                0x080079a0      0x230 C:/ST/STM32CubeCLT_1.18.0/GNU-tools-for-STM32/bin/../lib/gcc/arm-none-eabi/13.3.1/../../../../arm-none-eabi/lib/thumb/v7e-m+fp/hard\libg_nano.a(libc_a-nano-vfprintf.o)
                0x080079a0                _vfprintf_r
                0x080079a0                _vfiprintf_r
 .text.__swbuf_r
                0x08007bd0       0x7c C:/ST/STM32CubeCLT_1.18.0/GNU-tools-for-STM32/bin/../lib/gcc/arm-none-eabi/13.3.1/../../../../arm-none-eabi/lib/thumb/v7e-m+fp/hard\libg_nano.a(libc_a-wbuf.o)
                0x08007bd0                __swbuf_r
 .text.__swsetup_r
                0x08007c4c       0xac C:/ST/STM32CubeCLT_1.18.0/GNU-tools-for-STM32/bin/../lib/gcc/arm-none-eabi/13.3.1/../../../../arm-none-eabi/lib/thumb/v7e-m+fp/hard\libg_nano.a(libc_a-wsetup.o)
                0x08007c4c                __swsetup_r
 .text._raise_r
                0x08007cf8       0x50 C:/ST/STM32CubeCLT_1.18.0/GNU-tools-for-STM32/bin/../lib/gcc/arm-none-eabi/13.3.1/../../../../arm-none-eabi/lib/thumb/v7e-m+fp/hard\libg_nano.a(libc_a-signal.o)
                0x08007cf8                _raise_r
 .text.raise    0x08007d48       0x10 C:/ST/STM32CubeCLT_1.18.0/GNU-tools-for-STM32/bin/../lib/gcc/arm-none-eabi/13.3.1/../../../../arm-none-eabi/lib/thumb/v7e-m+fp/hard\libg_nano.a(libc_a-signal.o)
                0x08007d48                raise
 .text._kill_r  0x08007d58       0x24 C:/ST/STM32CubeCLT_1.18.0/GNU-tools-for-STM32/bin/../lib/gcc/arm-none-eabi/13.3.1/../../../../arm-none-eabi/lib/thumb/v7e-m+fp/hard\libg_nano.a(libc_a-signalr.o)
                0x08007d58                _kill_r
 .text._getpid_r
                0x08007d7c        0x4 C:/ST/STM32CubeCLT_1.18.0/GNU-tools-for-STM32/bin/../lib/gcc/arm-none-eabi/13.3.1/../../../../arm-none-eabi/lib/thumb/v7e-m+fp/hard\libg_nano.a(libc_a-signalr.o)
                0x08007d7c                _getpid_r
 .text.__swhatbuf_r
                0x08007d80       0x4c C:/ST/STM32CubeCLT_1.18.0/GNU-tools-for-STM32/bin/../lib/gcc/arm-none-eabi/13.3.1/../../../../arm-none-eabi/lib/thumb/v7e-m+fp/hard\libg_nano.a(libc_a-makebuf.o)
                0x08007d80                __swhatbuf_r
 .text.__smakebuf_r
                0x08007dcc       0x78 C:/ST/STM32CubeCLT_1.18.0/GNU-tools-for-STM32/bin/../lib/gcc/arm-none-eabi/13.3.1/../../../../arm-none-eabi/lib/thumb/v7e-m+fp/hard\libg_nano.a(libc_a-makebuf.o)
                0x08007dcc                __smakebuf_r
 .text._fstat_r
                0x08007e44       0x24 C:/ST/STM32CubeCLT_1.18.0/GNU-tools-for-STM32/bin/../lib/gcc/arm-none-eabi/13.3.1/../../../../arm-none-eabi/lib/thumb/v7e-m+fp/hard\libg_nano.a(libc_a-fstatr.o)
                0x08007e44                _fstat_r
 .text._isatty_r
                0x08007e68       0x20 C:/ST/STM32CubeCLT_1.18.0/GNU-tools-for-STM32/bin/../lib/gcc/arm-none-eabi/13.3.1/../../../../arm-none-eabi/lib/thumb/v7e-m+fp/hard\libg_nano.a(libc_a-isattyr.o)
                0x08007e68                _isatty_r
 *(.glue_7)
 .glue_7        0x08007e88        0x0 linker stubs
 *(.glue_7t)
 .glue_7t       0x08007e88        0x0 linker stubs
 *(.eh_frame)
 .eh_frame      0x08007e88        0x0 C:/ST/STM32CubeCLT_1.18.0/GNU-tools-for-STM32/bin/../lib/gcc/arm-none-eabi/13.3.1/thumb/v7e-m+fp/hard/crtbegin.o
 *(.init)
 .init          0x08007e88        0x4 C:/ST/STM32CubeCLT_1.18.0/GNU-tools-for-STM32/bin/../lib/gcc/arm-none-eabi/13.3.1/thumb/v7e-m+fp/hard/crti.o
                0x08007e88                _init
 .init          0x08007e8c        0x8 C:/ST/STM32CubeCLT_1.18.0/GNU-tools-for-STM32/bin/../lib/gcc/arm-none-eabi/13.3.1/thumb/v7e-m+fp/hard/crtn.o
 *(.fini)
 .fini          0x08007e94        0x4 C:/ST/STM32CubeCLT_1.18.0/GNU-tools-for-STM32/bin/../lib/gcc/arm-none-eabi/13.3.1/thumb/v7e-m+fp/hard/crti.o
                0x08007e94                _fini
 .fini          0x08007e98        0x8 C:/ST/STM32CubeCLT_1.18.0/GNU-tools-for-STM32/bin/../lib/gcc/arm-none-eabi/13.3.1/thumb/v7e-m+fp/hard/crtn.o
                0x08007ea0                        . = ALIGN (0x4)
                0x08007ea0                        _etext = .

.vfp11_veneer   0x08007ea0        0x0
 .vfp11_veneer  0x08007ea0        0x0 linker stubs

.v4_bx          0x08007ea0        0x0
 .v4_bx         0x08007ea0        0x0 linker stubs

.iplt           0x08007ea0        0x0
 .iplt          0x08007ea0        0x0 C:/ST/STM32CubeCLT_1.18.0/GNU-tools-for-STM32/bin/../lib/gcc/arm-none-eabi/13.3.1/thumb/v7e-m+fp/hard/crtbegin.o

.rodata         0x08007ea0      0x558
                0x08007ea0                        . = ALIGN (0x4)
 *(.rodata)
 .rodata        0x08007ea0      0x17f CMakeFiles/stm32f407-bd.dir/App/common/src/cli.c.obj
 *(.rodata*)
 *fill*         0x0800801f        0x1 
 .rodata.AHBPrescTable
                0x08008020       0x10 cmake/stm32cubemx/CMakeFiles/STM32_Drivers.dir/__/__/Core/Src/system_stm32f4xx.c.obj
                0x08008020                AHBPrescTable
 .rodata.APBPrescTable
                0x08008030        0x8 cmake/stm32cubemx/CMakeFiles/STM32_Drivers.dir/__/__/Core/Src/system_stm32f4xx.c.obj
                0x08008030                APBPrescTable
 .rodata.flagBitshiftOffset.0
                0x08008038        0x8 cmake/stm32cubemx/CMakeFiles/STM32_Drivers.dir/__/__/Drivers/STM32F4xx_HAL_Driver/Src/stm32f4xx_hal_dma.c.obj
 .rodata._strtod_l.str1.1
                0x08008040      0x166 C:/ST/STM32CubeCLT_1.18.0/GNU-tools-for-STM32/bin/../lib/gcc/arm-none-eabi/13.3.1/../../../../arm-none-eabi/lib/thumb/v7e-m+fp/hard\libg_nano.a(libc_a-strtod.o)
                                  0xf (size before relaxing)
 *fill*         0x080081a6        0x2 
 .rodata.fpinan.0
                0x080081a8       0x14 C:/ST/STM32CubeCLT_1.18.0/GNU-tools-for-STM32/bin/../lib/gcc/arm-none-eabi/13.3.1/../../../../arm-none-eabi/lib/thumb/v7e-m+fp/hard\libg_nano.a(libc_a-strtod.o)
 .rodata.fpi.1  0x080081bc       0x14 C:/ST/STM32CubeCLT_1.18.0/GNU-tools-for-STM32/bin/../lib/gcc/arm-none-eabi/13.3.1/../../../../arm-none-eabi/lib/thumb/v7e-m+fp/hard\libg_nano.a(libc_a-strtod.o)
 .rodata.tinytens
                0x080081d0       0x28 C:/ST/STM32CubeCLT_1.18.0/GNU-tools-for-STM32/bin/../lib/gcc/arm-none-eabi/13.3.1/../../../../arm-none-eabi/lib/thumb/v7e-m+fp/hard\libg_nano.a(libc_a-strtod.o)
 .rodata._ctype_
                0x080081f8      0x101 C:/ST/STM32CubeCLT_1.18.0/GNU-tools-for-STM32/bin/../lib/gcc/arm-none-eabi/13.3.1/../../../../arm-none-eabi/lib/thumb/v7e-m+fp/hard\libg_nano.a(libc_a-ctype_.o)
                0x080081f8                _ctype_
 .rodata._setlocale_r.str1.1
                0x080082f9        0x9 C:/ST/STM32CubeCLT_1.18.0/GNU-tools-for-STM32/bin/../lib/gcc/arm-none-eabi/13.3.1/../../../../arm-none-eabi/lib/thumb/v7e-m+fp/hard\libg_nano.a(libc_a-locale.o)
 .rodata.str1.1
                0x080082f9        0x2 C:/ST/STM32CubeCLT_1.18.0/GNU-tools-for-STM32/bin/../lib/gcc/arm-none-eabi/13.3.1/../../../../arm-none-eabi/lib/thumb/v7e-m+fp/hard\libg_nano.a(libc_a-locale.o)
 .rodata.__gethex.str1.1
                0x080082f9       0x73 C:/ST/STM32CubeCLT_1.18.0/GNU-tools-for-STM32/bin/../lib/gcc/arm-none-eabi/13.3.1/../../../../arm-none-eabi/lib/thumb/v7e-m+fp/hard\libg_nano.a(libc_a-gdtoa-gethex.o)
 .rodata._Balloc.str1.1
                0x080082f9       0x70 C:/ST/STM32CubeCLT_1.18.0/GNU-tools-for-STM32/bin/../lib/gcc/arm-none-eabi/13.3.1/../../../../arm-none-eabi/lib/thumb/v7e-m+fp/hard\libg_nano.a(libc_a-mprec.o)
 .rodata.__multadd.str1.1
                0x080082f9       0x11 C:/ST/STM32CubeCLT_1.18.0/GNU-tools-for-STM32/bin/../lib/gcc/arm-none-eabi/13.3.1/../../../../arm-none-eabi/lib/thumb/v7e-m+fp/hard\libg_nano.a(libc_a-mprec.o)
 *fill*         0x080082f9        0x3 
 .rodata.p05.0  0x080082fc        0xc C:/ST/STM32CubeCLT_1.18.0/GNU-tools-for-STM32/bin/../lib/gcc/arm-none-eabi/13.3.1/../../../../arm-none-eabi/lib/thumb/v7e-m+fp/hard\libg_nano.a(libc_a-mprec.o)
 .rodata.__mprec_bigtens
                0x08008308       0x28 C:/ST/STM32CubeCLT_1.18.0/GNU-tools-for-STM32/bin/../lib/gcc/arm-none-eabi/13.3.1/../../../../arm-none-eabi/lib/thumb/v7e-m+fp/hard\libg_nano.a(libc_a-mprec.o)
                0x08008308                __mprec_bigtens
 .rodata.__mprec_tens
                0x08008330       0xc8 C:/ST/STM32CubeCLT_1.18.0/GNU-tools-for-STM32/bin/../lib/gcc/arm-none-eabi/13.3.1/../../../../arm-none-eabi/lib/thumb/v7e-m+fp/hard\libg_nano.a(libc_a-mprec.o)
                0x08008330                __mprec_tens
 .rodata._svfprintf_r.str1.1
                0x080083f8       0x11 C:/ST/STM32CubeCLT_1.18.0/GNU-tools-for-STM32/bin/../lib/gcc/arm-none-eabi/13.3.1/../../../../arm-none-eabi/lib/thumb/v7e-m+fp/hard\libg_nano.a(libc_a-nano-svfprintf.o)
 .rodata._printf_i.str1.1
                0x080083f8       0x22 C:/ST/STM32CubeCLT_1.18.0/GNU-tools-for-STM32/bin/../lib/gcc/arm-none-eabi/13.3.1/../../../../arm-none-eabi/lib/thumb/v7e-m+fp/hard\libg_nano.a(libc_a-nano-vfprintf_i.o)
 .rodata.__assert_func.str1.1
                0x080083f8       0x3d C:/ST/STM32CubeCLT_1.18.0/GNU-tools-for-STM32/bin/../lib/gcc/arm-none-eabi/13.3.1/../../../../arm-none-eabi/lib/thumb/v7e-m+fp/hard\libg_nano.a(libc_a-assert.o)
 .rodata._vfprintf_r.str1.1
                0x080083f8       0x11 C:/ST/STM32CubeCLT_1.18.0/GNU-tools-for-STM32/bin/../lib/gcc/arm-none-eabi/13.3.1/../../../../arm-none-eabi/lib/thumb/v7e-m+fp/hard\libg_nano.a(libc_a-nano-vfprintf.o)
                0x08008438                        . = ALIGN (0x4)

.ARM.extab      0x080083f8        0x0
                0x080083f8                        . = ALIGN (0x4)
 *(.ARM.extab* .gnu.linkonce.armextab.*)
                0x080083f8                        . = ALIGN (0x4)

.ARM            0x080083f8        0x8
                0x080083f8                        . = ALIGN (0x4)
                0x080083f8                        __exidx_start = .
 *(.ARM.exidx*)
 .ARM.exidx     0x080083f8        0x8 C:/ST/STM32CubeCLT_1.18.0/GNU-tools-for-STM32/bin/../lib/gcc/arm-none-eabi/13.3.1/thumb/v7e-m+fp/hard\libgcc.a(_udivmoddi4.o)
 .ARM.exidx     0x08008400        0x0 C:/ST/STM32CubeCLT_1.18.0/GNU-tools-for-STM32/bin/../lib/gcc/arm-none-eabi/13.3.1/../../../../arm-none-eabi/lib/thumb/v7e-m+fp/hard\libg_nano.a(libc_a-strcmp.o)
                                  0x8 (size before relaxing)
 .ARM.exidx     0x08008400        0x0 C:/ST/STM32CubeCLT_1.18.0/GNU-tools-for-STM32/bin/../lib/gcc/arm-none-eabi/13.3.1/../../../../arm-none-eabi/lib/thumb/v7e-m+fp/hard\libg_nano.a(libc_a-memchr.o)
                                  0x8 (size before relaxing)
                0x08008400                        __exidx_end = .
                0x08008400                        . = ALIGN (0x4)

.preinit_array  0x08008400        0x0
                0x08008400                        . = ALIGN (0x4)
                0x08008400                        PROVIDE (__preinit_array_start = .)
 *(.preinit_array*)
                0x08008400                        PROVIDE (__preinit_array_end = .)
                0x08008400                        . = ALIGN (0x4)

.init_array     0x08008400        0x4
                0x08008400                        . = ALIGN (0x4)
                0x08008400                        PROVIDE (__init_array_start = .)
 *(SORT_BY_NAME(.init_array.*))
 *(.init_array*)
 .init_array    0x08008400        0x4 C:/ST/STM32CubeCLT_1.18.0/GNU-tools-for-STM32/bin/../lib/gcc/arm-none-eabi/13.3.1/thumb/v7e-m+fp/hard/crtbegin.o
                0x08008404                        PROVIDE (__init_array_end = .)
                0x08008404                        . = ALIGN (0x4)

.fini_array     0x08008404        0x4
                0x08008404                        . = ALIGN (0x4)
                [!provide]                        PROVIDE (__fini_array_start = .)
 *(SORT_BY_NAME(.fini_array.*))
 *(.fini_array*)
 .fini_array    0x08008404        0x4 C:/ST/STM32CubeCLT_1.18.0/GNU-tools-for-STM32/bin/../lib/gcc/arm-none-eabi/13.3.1/thumb/v7e-m+fp/hard/crtbegin.o
                [!provide]                        PROVIDE (__fini_array_end = .)
                0x08008408                        . = ALIGN (0x4)
                0x08008408                        _sidata = LOADADDR (.data)

.rel.dyn        0x08008408        0x0
 .rel.iplt      0x08008408        0x0 C:/ST/STM32CubeCLT_1.18.0/GNU-tools-for-STM32/bin/../lib/gcc/arm-none-eabi/13.3.1/thumb/v7e-m+fp/hard/crtbegin.o

.data           0x20000000      0x1f0 load address 0x08008408
                0x20000000                        . = ALIGN (0x4)
                0x20000000                        _sdata = .
 *(.data)
 *(.data*)
 .data.__sglue  0x20000000        0xc C:/ST/STM32CubeCLT_1.18.0/GNU-tools-for-STM32/bin/../lib/gcc/arm-none-eabi/13.3.1/../../../../arm-none-eabi/lib/thumb/v7e-m+fp/hard\libc_nano.a(libc_a-findfp.o)
                0x20000000                __sglue
 .data._impure_ptr
                0x2000000c        0x4 C:/ST/STM32CubeCLT_1.18.0/GNU-tools-for-STM32/bin/../lib/gcc/arm-none-eabi/13.3.1/../../../../arm-none-eabi/lib/thumb/v7e-m+fp/hard\libc_nano.a(libc_a-impure.o)
                0x2000000c                _impure_ptr
 .data._impure_data
                0x20000010       0x4c C:/ST/STM32CubeCLT_1.18.0/GNU-tools-for-STM32/bin/../lib/gcc/arm-none-eabi/13.3.1/../../../../arm-none-eabi/lib/thumb/v7e-m+fp/hard\libc_nano.a(libc_a-impure.o)
                0x20000010                _impure_data
 .data.SystemCoreClock
                0x2000005c        0x4 cmake/stm32cubemx/CMakeFiles/STM32_Drivers.dir/__/__/Core/Src/system_stm32f4xx.c.obj
                0x2000005c                SystemCoreClock
 .data.uwTickPrio
                0x20000060        0x4 cmake/stm32cubemx/CMakeFiles/STM32_Drivers.dir/__/__/Drivers/STM32F4xx_HAL_Driver/Src/stm32f4xx_hal.c.obj
                0x20000060                uwTickPrio
 .data.uwTickFreq
                0x20000064        0x1 cmake/stm32cubemx/CMakeFiles/STM32_Drivers.dir/__/__/Drivers/STM32F4xx_HAL_Driver/Src/stm32f4xx_hal.c.obj
                0x20000064                uwTickFreq
 *fill*         0x20000065        0x3 
 .data.delim.0  0x20000068        0x4 CMakeFiles/stm32f407-bd.dir/App/common/src/cli.c.obj
 .data.led_tbl  0x2000006c       0x18 CMakeFiles/stm32f407-bd.dir/App/hw/src/led.c.obj
 .data.__global_locale
                0x20000084      0x16c C:/ST/STM32CubeCLT_1.18.0/GNU-tools-for-STM32/bin/../lib/gcc/arm-none-eabi/13.3.1/../../../../arm-none-eabi/lib/thumb/v7e-m+fp/hard\libg_nano.a(libc_a-locale.o)
                0x20000084                __global_locale
 *(.RamFunc)
 *(.RamFunc*)
                0x200001f0                        . = ALIGN (0x4)
                0x200001f0                        _edata = .
                0x080085f8                        _siccmram = LOADADDR (.ccmram)

.igot.plt       0x200001f0        0x0 load address 0x080085f8
 .igot.plt      0x200001f0        0x0 C:/ST/STM32CubeCLT_1.18.0/GNU-tools-for-STM32/bin/../lib/gcc/arm-none-eabi/13.3.1/thumb/v7e-m+fp/hard/crtbegin.o

.ccmram         0x10000000        0x0 load address 0x080085f8
                0x10000000                        . = ALIGN (0x4)
                0x10000000                        _sccmram = .
 *(.ccmram)
 *(.ccmram*)
                0x10000000                        . = ALIGN (0x4)
                0x10000000                        _eccmram = .
                0x10000000                        . = ALIGN (0x4)

.bss            0x200001f0      0xacc
                0x200001f0                        _sbss = .
                0x200001f0                        __bss_start__ = _sbss
 *(.bss)
 .bss           0x200001f0       0x1c C:/ST/STM32CubeCLT_1.18.0/GNU-tools-for-STM32/bin/../lib/gcc/arm-none-eabi/13.3.1/thumb/v7e-m+fp/hard/crtbegin.o
 *(.bss*)
 .bss.__sf      0x2000020c      0x138 C:/ST/STM32CubeCLT_1.18.0/GNU-tools-for-STM32/bin/../lib/gcc/arm-none-eabi/13.3.1/../../../../arm-none-eabi/lib/thumb/v7e-m+fp/hard\libc_nano.a(libc_a-findfp.o)
                0x2000020c                __sf
 .bss.__stdio_exit_handler
                0x20000344        0x4 C:/ST/STM32CubeCLT_1.18.0/GNU-tools-for-STM32/bin/../lib/gcc/arm-none-eabi/13.3.1/../../../../arm-none-eabi/lib/thumb/v7e-m+fp/hard\libc_nano.a(libc_a-findfp.o)
                0x20000344                __stdio_exit_handler
 .bss.errno     0x20000348        0x4 C:/ST/STM32CubeCLT_1.18.0/GNU-tools-for-STM32/bin/../lib/gcc/arm-none-eabi/13.3.1/../../../../arm-none-eabi/lib/thumb/v7e-m+fp/hard\libc_nano.a(libc_a-reent.o)
                0x20000348                errno
 .bss.__lock___malloc_recursive_mutex
                0x2000034c        0x1 C:/ST/STM32CubeCLT_1.18.0/GNU-tools-for-STM32/bin/../lib/gcc/arm-none-eabi/13.3.1/../../../../arm-none-eabi/lib/thumb/v7e-m+fp/hard\libc_nano.a(libc_a-lock.o)
                0x2000034c                __lock___malloc_recursive_mutex
 .bss.__lock___sfp_recursive_mutex
                0x2000034d        0x1 C:/ST/STM32CubeCLT_1.18.0/GNU-tools-for-STM32/bin/../lib/gcc/arm-none-eabi/13.3.1/../../../../arm-none-eabi/lib/thumb/v7e-m+fp/hard\libc_nano.a(libc_a-lock.o)
                0x2000034d                __lock___sfp_recursive_mutex
 *fill*         0x2000034e        0x2 
 .bss.__malloc_sbrk_start
                0x20000350        0x4 C:/ST/STM32CubeCLT_1.18.0/GNU-tools-for-STM32/bin/../lib/gcc/arm-none-eabi/13.3.1/../../../../arm-none-eabi/lib/thumb/v7e-m+fp/hard\libc_nano.a(libc_a-mallocr.o)
                0x20000350                __malloc_sbrk_start
 .bss.__malloc_free_list
                0x20000354        0x4 C:/ST/STM32CubeCLT_1.18.0/GNU-tools-for-STM32/bin/../lib/gcc/arm-none-eabi/13.3.1/../../../../arm-none-eabi/lib/thumb/v7e-m+fp/hard\libc_nano.a(libc_a-mallocr.o)
                0x20000354                __malloc_free_list
 .bss.uwTick    0x20000358        0x4 cmake/stm32cubemx/CMakeFiles/STM32_Drivers.dir/__/__/Drivers/STM32F4xx_HAL_Driver/Src/stm32f4xx_hal.c.obj
                0x20000358                uwTick
 .bss.huart1    0x2000035c       0x48 CMakeFiles/stm32f407-bd.dir/Core/Src/main.c.obj
                0x2000035c                huart1
 .bss.hdma_usart1_rx
                0x200003a4       0x60 CMakeFiles/stm32f407-bd.dir/Core/Src/main.c.obj
                0x200003a4                hdma_usart1_rx
 .bss.__sbrk_heap_end
                0x20000404        0x4 CMakeFiles/stm32f407-bd.dir/Core/Src/sysmem.c.obj
 .bss.cli_node  0x20000408      0x690 CMakeFiles/stm32f407-bd.dir/App/common/src/cli.c.obj
                0x20000408                cli_node
 .bss.is_init   0x20000a98        0x1 CMakeFiles/stm32f407-bd.dir/App/hw/src/uart.c.obj
 *fill*         0x20000a99        0x3 
 .bss.uart_tbl  0x20000a9c      0x220 CMakeFiles/stm32f407-bd.dir/App/hw/src/uart.c.obj
 *(COMMON)
                0x20000cbc                        . = ALIGN (0x4)
                0x20000cbc                        _ebss = .
                0x20000cbc                        __bss_end__ = _ebss

._user_heap_stack
                0x20000cbc      0x604
                0x20000cc0                        . = ALIGN (0x8)
 *fill*         0x20000cbc        0x4 
                [!provide]                        PROVIDE (end = .)
                0x20000cc0                        PROVIDE (_end = .)
                0x20000ec0                        . = (. + _Min_Heap_Size)
 *fill*         0x20000cc0      0x200 
                0x200012c0                        . = (. + _Min_Stack_Size)
 *fill*         0x20000ec0      0x400 
                0x200012c0                        . = ALIGN (0x8)

/DISCARD/
 libc.a(*)
 libm.a(*)
 libgcc.a(*)
OUTPUT(stm32f407-bd.elf elf32-littlearm)
LOAD linker stubs
LOAD C:/ST/STM32CubeCLT_1.18.0/GNU-tools-for-STM32/bin/../lib/gcc/arm-none-eabi/13.3.1/../../../../arm-none-eabi/lib/thumb/v7e-m+fp/hard\libc.a
LOAD C:/ST/STM32CubeCLT_1.18.0/GNU-tools-for-STM32/bin/../lib/gcc/arm-none-eabi/13.3.1/../../../../arm-none-eabi/lib/thumb/v7e-m+fp/hard\libm.a
LOAD C:/ST/STM32CubeCLT_1.18.0/GNU-tools-for-STM32/bin/../lib/gcc/arm-none-eabi/13.3.1/thumb/v7e-m+fp/hard\libgcc.a

.ARM.attributes
                0x00000000       0x30
 .ARM.attributes
                0x00000000       0x22 C:/ST/STM32CubeCLT_1.18.0/GNU-tools-for-STM32/bin/../lib/gcc/arm-none-eabi/13.3.1/thumb/v7e-m+fp/hard/crti.o
 .ARM.attributes
                0x00000022       0x34 C:/ST/STM32CubeCLT_1.18.0/GNU-tools-for-STM32/bin/../lib/gcc/arm-none-eabi/13.3.1/thumb/v7e-m+fp/hard/crtbegin.o
 .ARM.attributes
                0x00000056       0x34 C:/ST/STM32CubeCLT_1.18.0/GNU-tools-for-STM32/bin/../lib/gcc/arm-none-eabi/13.3.1/../../../../arm-none-eabi/lib/thumb/v7e-m+fp/hard\libc_nano.a(libc_a-findfp.o)
 .ARM.attributes
                0x0000008a       0x34 C:/ST/STM32CubeCLT_1.18.0/GNU-tools-for-STM32/bin/../lib/gcc/arm-none-eabi/13.3.1/../../../../arm-none-eabi/lib/thumb/v7e-m+fp/hard\libc_nano.a(libc_a-fwalk.o)
 .ARM.attributes
                0x000000be       0x34 C:/ST/STM32CubeCLT_1.18.0/GNU-tools-for-STM32/bin/../lib/gcc/arm-none-eabi/13.3.1/../../../../arm-none-eabi/lib/thumb/v7e-m+fp/hard\libc_nano.a(libc_a-stdio.o)
 .ARM.attributes
                0x000000f2       0x34 C:/ST/STM32CubeCLT_1.18.0/GNU-tools-for-STM32/bin/../lib/gcc/arm-none-eabi/13.3.1/../../../../arm-none-eabi/lib/thumb/v7e-m+fp/hard\libc_nano.a(libc_a-memset.o)
 .ARM.attributes
                0x00000126       0x34 C:/ST/STM32CubeCLT_1.18.0/GNU-tools-for-STM32/bin/../lib/gcc/arm-none-eabi/13.3.1/../../../../arm-none-eabi/lib/thumb/v7e-m+fp/hard\libc_nano.a(libc_a-closer.o)
 .ARM.attributes
                0x0000015a       0x34 C:/ST/STM32CubeCLT_1.18.0/GNU-tools-for-STM32/bin/../lib/gcc/arm-none-eabi/13.3.1/../../../../arm-none-eabi/lib/thumb/v7e-m+fp/hard\libc_nano.a(libc_a-reent.o)
 .ARM.attributes
                0x0000018e       0x34 C:/ST/STM32CubeCLT_1.18.0/GNU-tools-for-STM32/bin/../lib/gcc/arm-none-eabi/13.3.1/../../../../arm-none-eabi/lib/thumb/v7e-m+fp/hard\libc_nano.a(libc_a-impure.o)
 .ARM.attributes
                0x000001c2       0x34 C:/ST/STM32CubeCLT_1.18.0/GNU-tools-for-STM32/bin/../lib/gcc/arm-none-eabi/13.3.1/../../../../arm-none-eabi/lib/thumb/v7e-m+fp/hard\libc_nano.a(libc_a-lseekr.o)
 .ARM.attributes
                0x000001f6       0x34 C:/ST/STM32CubeCLT_1.18.0/GNU-tools-for-STM32/bin/../lib/gcc/arm-none-eabi/13.3.1/../../../../arm-none-eabi/lib/thumb/v7e-m+fp/hard\libc_nano.a(libc_a-readr.o)
 .ARM.attributes
                0x0000022a       0x34 C:/ST/STM32CubeCLT_1.18.0/GNU-tools-for-STM32/bin/../lib/gcc/arm-none-eabi/13.3.1/../../../../arm-none-eabi/lib/thumb/v7e-m+fp/hard\libc_nano.a(libc_a-writer.o)
 .ARM.attributes
                0x0000025e       0x34 C:/ST/STM32CubeCLT_1.18.0/GNU-tools-for-STM32/bin/../lib/gcc/arm-none-eabi/13.3.1/../../../../arm-none-eabi/lib/thumb/v7e-m+fp/hard\libc_nano.a(libc_a-init.o)
 .ARM.attributes
                0x00000292       0x34 C:/ST/STM32CubeCLT_1.18.0/GNU-tools-for-STM32/bin/../lib/gcc/arm-none-eabi/13.3.1/../../../../arm-none-eabi/lib/thumb/v7e-m+fp/hard\libc_nano.a(libc_a-lock.o)
 .ARM.attributes
                0x000002c6       0x34 C:/ST/STM32CubeCLT_1.18.0/GNU-tools-for-STM32/bin/../lib/gcc/arm-none-eabi/13.3.1/../../../../arm-none-eabi/lib/thumb/v7e-m+fp/hard\libc_nano.a(libc_a-freer.o)
 .ARM.attributes
                0x000002fa       0x34 C:/ST/STM32CubeCLT_1.18.0/GNU-tools-for-STM32/bin/../lib/gcc/arm-none-eabi/13.3.1/../../../../arm-none-eabi/lib/thumb/v7e-m+fp/hard\libc_nano.a(libc_a-mallocr.o)
 .ARM.attributes
                0x0000032e       0x34 C:/ST/STM32CubeCLT_1.18.0/GNU-tools-for-STM32/bin/../lib/gcc/arm-none-eabi/13.3.1/../../../../arm-none-eabi/lib/thumb/v7e-m+fp/hard\libc_nano.a(libc_a-mlock.o)
 .ARM.attributes
                0x00000362       0x34 C:/ST/STM32CubeCLT_1.18.0/GNU-tools-for-STM32/bin/../lib/gcc/arm-none-eabi/13.3.1/../../../../arm-none-eabi/lib/thumb/v7e-m+fp/hard\libc_nano.a(libc_a-fflush.o)
 .ARM.attributes
                0x00000396       0x34 C:/ST/STM32CubeCLT_1.18.0/GNU-tools-for-STM32/bin/../lib/gcc/arm-none-eabi/13.3.1/../../../../arm-none-eabi/lib/thumb/v7e-m+fp/hard\libc_nano.a(libc_a-sbrkr.o)
 .ARM.attributes
                0x000003ca       0x34 cmake/stm32cubemx/CMakeFiles/STM32_Drivers.dir/__/__/Core/Src/system_stm32f4xx.c.obj
 .ARM.attributes
                0x000003fe       0x34 cmake/stm32cubemx/CMakeFiles/STM32_Drivers.dir/__/__/Drivers/STM32F4xx_HAL_Driver/Src/stm32f4xx_hal_uart.c.obj
 .ARM.attributes
                0x00000432       0x34 cmake/stm32cubemx/CMakeFiles/STM32_Drivers.dir/__/__/Drivers/STM32F4xx_HAL_Driver/Src/stm32f4xx_hal_rcc.c.obj
 .ARM.attributes
                0x00000466       0x34 cmake/stm32cubemx/CMakeFiles/STM32_Drivers.dir/__/__/Drivers/STM32F4xx_HAL_Driver/Src/stm32f4xx_hal_gpio.c.obj
 .ARM.attributes
                0x0000049a       0x34 cmake/stm32cubemx/CMakeFiles/STM32_Drivers.dir/__/__/Drivers/STM32F4xx_HAL_Driver/Src/stm32f4xx_hal_dma.c.obj
 .ARM.attributes
                0x000004ce       0x34 cmake/stm32cubemx/CMakeFiles/STM32_Drivers.dir/__/__/Drivers/STM32F4xx_HAL_Driver/Src/stm32f4xx_hal_cortex.c.obj
 .ARM.attributes
                0x00000502       0x34 cmake/stm32cubemx/CMakeFiles/STM32_Drivers.dir/__/__/Drivers/STM32F4xx_HAL_Driver/Src/stm32f4xx_hal.c.obj
 .ARM.attributes
                0x00000536       0x34 CMakeFiles/stm32f407-bd.dir/Core/Src/main.c.obj
 .ARM.attributes
                0x0000056a       0x34 CMakeFiles/stm32f407-bd.dir/Core/Src/stm32f4xx_it.c.obj
 .ARM.attributes
                0x0000059e       0x34 CMakeFiles/stm32f407-bd.dir/Core/Src/stm32f4xx_hal_msp.c.obj
 .ARM.attributes
                0x000005d2       0x34 CMakeFiles/stm32f407-bd.dir/Core/Src/sysmem.c.obj
 .ARM.attributes
                0x00000606       0x34 CMakeFiles/stm32f407-bd.dir/Core/Src/syscalls.c.obj
 .ARM.attributes
                0x0000063a       0x21 CMakeFiles/stm32f407-bd.dir/startup_stm32f407xx.s.obj
 .ARM.attributes
                0x0000065b       0x34 CMakeFiles/stm32f407-bd.dir/App/ap/ap.c.obj
 .ARM.attributes
                0x0000068f       0x34 CMakeFiles/stm32f407-bd.dir/App/common/src/cli.c.obj
 .ARM.attributes
                0x000006c3       0x34 CMakeFiles/stm32f407-bd.dir/App/common/src/qbuffer.c.obj
 .ARM.attributes
                0x000006f7       0x34 CMakeFiles/stm32f407-bd.dir/App/hw/hw.c.obj
 .ARM.attributes
                0x0000072b       0x34 CMakeFiles/stm32f407-bd.dir/App/hw/src/led.c.obj
 .ARM.attributes
                0x0000075f       0x34 CMakeFiles/stm32f407-bd.dir/App/hw/src/uart.c.obj
 .ARM.attributes
                0x00000793       0x22 C:/ST/STM32CubeCLT_1.18.0/GNU-tools-for-STM32/bin/../lib/gcc/arm-none-eabi/13.3.1/thumb/v7e-m+fp/hard\libgcc.a(_aeabi_uldivmod.o)
 .ARM.attributes
                0x000007b5       0x34 C:/ST/STM32CubeCLT_1.18.0/GNU-tools-for-STM32/bin/../lib/gcc/arm-none-eabi/13.3.1/thumb/v7e-m+fp/hard\libgcc.a(_udivmoddi4.o)
 .ARM.attributes
                0x000007e9       0x22 C:/ST/STM32CubeCLT_1.18.0/GNU-tools-for-STM32/bin/../lib/gcc/arm-none-eabi/13.3.1/thumb/v7e-m+fp/hard\libgcc.a(_dvmd_tls.o)
 .ARM.attributes
                0x0000080b       0x34 C:/ST/STM32CubeCLT_1.18.0/GNU-tools-for-STM32/bin/../lib/gcc/arm-none-eabi/13.3.1/../../../../arm-none-eabi/lib/thumb/v7e-m+fp/hard\libg_nano.a(libc_a-strtod.o)
 .ARM.attributes
                0x0000083f       0x34 C:/ST/STM32CubeCLT_1.18.0/GNU-tools-for-STM32/bin/../lib/gcc/arm-none-eabi/13.3.1/../../../../arm-none-eabi/lib/thumb/v7e-m+fp/hard\libg_nano.a(libc_a-strtoul.o)
 .ARM.attributes
                0x00000873       0x34 C:/ST/STM32CubeCLT_1.18.0/GNU-tools-for-STM32/bin/../lib/gcc/arm-none-eabi/13.3.1/../../../../arm-none-eabi/lib/thumb/v7e-m+fp/hard\libg_nano.a(libc_a-ctype_.o)
 .ARM.attributes
                0x000008a7       0x34 C:/ST/STM32CubeCLT_1.18.0/GNU-tools-for-STM32/bin/../lib/gcc/arm-none-eabi/13.3.1/../../../../arm-none-eabi/lib/thumb/v7e-m+fp/hard\libg_nano.a(libc_a-vsnprintf.o)
 .ARM.attributes
                0x000008db       0x34 C:/ST/STM32CubeCLT_1.18.0/GNU-tools-for-STM32/bin/../lib/gcc/arm-none-eabi/13.3.1/../../../../arm-none-eabi/lib/thumb/v7e-m+fp/hard\libg_nano.a(libc_a-strncmp.o)
 .ARM.attributes
                0x0000090f       0x34 C:/ST/STM32CubeCLT_1.18.0/GNU-tools-for-STM32/bin/../lib/gcc/arm-none-eabi/13.3.1/../../../../arm-none-eabi/lib/thumb/v7e-m+fp/hard\libg_nano.a(libc_a-strtok_r.o)
 .ARM.attributes
                0x00000943       0x34 C:/ST/STM32CubeCLT_1.18.0/GNU-tools-for-STM32/bin/../lib/gcc/arm-none-eabi/13.3.1/../../../../arm-none-eabi/lib/thumb/v7e-m+fp/hard\libg_nano.a(libc_a-locale.o)
 .ARM.attributes
                0x00000977       0x34 C:/ST/STM32CubeCLT_1.18.0/GNU-tools-for-STM32/bin/../lib/gcc/arm-none-eabi/13.3.1/../../../../arm-none-eabi/lib/thumb/v7e-m+fp/hard\libg_nano.a(libc_a-errno.o)
 .ARM.attributes
                0x000009ab       0x20 C:/ST/STM32CubeCLT_1.18.0/GNU-tools-for-STM32/bin/../lib/gcc/arm-none-eabi/13.3.1/../../../../arm-none-eabi/lib/thumb/v7e-m+fp/hard\libg_nano.a(libc_a-strcmp.o)
 .ARM.attributes
                0x000009cb       0x34 C:/ST/STM32CubeCLT_1.18.0/GNU-tools-for-STM32/bin/../lib/gcc/arm-none-eabi/13.3.1/../../../../arm-none-eabi/lib/thumb/v7e-m+fp/hard\libg_nano.a(libc_a-strcpy.o)
 .ARM.attributes
                0x000009ff       0x34 C:/ST/STM32CubeCLT_1.18.0/GNU-tools-for-STM32/bin/../lib/gcc/arm-none-eabi/13.3.1/../../../../arm-none-eabi/lib/thumb/v7e-m+fp/hard\libg_nano.a(libc_a-memcpy-stub.o)
 .ARM.attributes
                0x00000a33       0x34 C:/ST/STM32CubeCLT_1.18.0/GNU-tools-for-STM32/bin/../lib/gcc/arm-none-eabi/13.3.1/../../../../arm-none-eabi/lib/thumb/v7e-m+fp/hard\libg_nano.a(libm_a-s_nan.o)
 .ARM.attributes
                0x00000a67       0x34 C:/ST/STM32CubeCLT_1.18.0/GNU-tools-for-STM32/bin/../lib/gcc/arm-none-eabi/13.3.1/../../../../arm-none-eabi/lib/thumb/v7e-m+fp/hard\libg_nano.a(libm_a-sf_nan.o)
 .ARM.attributes
                0x00000a9b       0x34 C:/ST/STM32CubeCLT_1.18.0/GNU-tools-for-STM32/bin/../lib/gcc/arm-none-eabi/13.3.1/../../../../arm-none-eabi/lib/thumb/v7e-m+fp/hard\libg_nano.a(libc_a-gdtoa-gethex.o)
 .ARM.attributes
                0x00000acf       0x34 C:/ST/STM32CubeCLT_1.18.0/GNU-tools-for-STM32/bin/../lib/gcc/arm-none-eabi/13.3.1/../../../../arm-none-eabi/lib/thumb/v7e-m+fp/hard\libg_nano.a(libc_a-gdtoa-hexnan.o)
 .ARM.attributes
                0x00000b03       0x34 C:/ST/STM32CubeCLT_1.18.0/GNU-tools-for-STM32/bin/../lib/gcc/arm-none-eabi/13.3.1/../../../../arm-none-eabi/lib/thumb/v7e-m+fp/hard\libg_nano.a(libc_a-mbtowc_r.o)
 .ARM.attributes
                0x00000b37       0x34 C:/ST/STM32CubeCLT_1.18.0/GNU-tools-for-STM32/bin/../lib/gcc/arm-none-eabi/13.3.1/../../../../arm-none-eabi/lib/thumb/v7e-m+fp/hard\libg_nano.a(libc_a-mprec.o)
 .ARM.attributes
                0x00000b6b       0x34 C:/ST/STM32CubeCLT_1.18.0/GNU-tools-for-STM32/bin/../lib/gcc/arm-none-eabi/13.3.1/../../../../arm-none-eabi/lib/thumb/v7e-m+fp/hard\libg_nano.a(libc_a-wctomb_r.o)
 .ARM.attributes
                0x00000b9f       0x34 C:/ST/STM32CubeCLT_1.18.0/GNU-tools-for-STM32/bin/../lib/gcc/arm-none-eabi/13.3.1/../../../../arm-none-eabi/lib/thumb/v7e-m+fp/hard\libg_nano.a(libc_a-nano-svfprintf.o)
 .ARM.attributes
                0x00000bd3       0x34 C:/ST/STM32CubeCLT_1.18.0/GNU-tools-for-STM32/bin/../lib/gcc/arm-none-eabi/13.3.1/../../../../arm-none-eabi/lib/thumb/v7e-m+fp/hard\libg_nano.a(libc_a-nano-vfprintf_i.o)
 .ARM.attributes
                0x00000c07       0x34 C:/ST/STM32CubeCLT_1.18.0/GNU-tools-for-STM32/bin/../lib/gcc/arm-none-eabi/13.3.1/../../../../arm-none-eabi/lib/thumb/v7e-m+fp/hard\libg_nano.a(libc_a-memmove.o)
 .ARM.attributes
                0x00000c3b       0x1c C:/ST/STM32CubeCLT_1.18.0/GNU-tools-for-STM32/bin/../lib/gcc/arm-none-eabi/13.3.1/../../../../arm-none-eabi/lib/thumb/v7e-m+fp/hard\libg_nano.a(libc_a-memchr.o)
 .ARM.attributes
                0x00000c57       0x34 C:/ST/STM32CubeCLT_1.18.0/GNU-tools-for-STM32/bin/../lib/gcc/arm-none-eabi/13.3.1/../../../../arm-none-eabi/lib/thumb/v7e-m+fp/hard\libg_nano.a(libc_a-assert.o)
 .ARM.attributes
                0x00000c8b       0x34 C:/ST/STM32CubeCLT_1.18.0/GNU-tools-for-STM32/bin/../lib/gcc/arm-none-eabi/13.3.1/../../../../arm-none-eabi/lib/thumb/v7e-m+fp/hard\libg_nano.a(libc_a-callocr.o)
 .ARM.attributes
                0x00000cbf       0x34 C:/ST/STM32CubeCLT_1.18.0/GNU-tools-for-STM32/bin/../lib/gcc/arm-none-eabi/13.3.1/../../../../arm-none-eabi/lib/thumb/v7e-m+fp/hard\libg_nano.a(libc_a-malloc.o)
 .ARM.attributes
                0x00000cf3       0x34 C:/ST/STM32CubeCLT_1.18.0/GNU-tools-for-STM32/bin/../lib/gcc/arm-none-eabi/13.3.1/../../../../arm-none-eabi/lib/thumb/v7e-m+fp/hard\libg_nano.a(libc_a-reallocr.o)
 .ARM.attributes
                0x00000d27       0x34 C:/ST/STM32CubeCLT_1.18.0/GNU-tools-for-STM32/bin/../lib/gcc/arm-none-eabi/13.3.1/../../../../arm-none-eabi/lib/thumb/v7e-m+fp/hard\libg_nano.a(libc_a-fprintf.o)
 .ARM.attributes
                0x00000d5b       0x34 C:/ST/STM32CubeCLT_1.18.0/GNU-tools-for-STM32/bin/../lib/gcc/arm-none-eabi/13.3.1/../../../../arm-none-eabi/lib/thumb/v7e-m+fp/hard\libg_nano.a(libc_a-abort.o)
 .ARM.attributes
                0x00000d8f       0x34 C:/ST/STM32CubeCLT_1.18.0/GNU-tools-for-STM32/bin/../lib/gcc/arm-none-eabi/13.3.1/../../../../arm-none-eabi/lib/thumb/v7e-m+fp/hard\libg_nano.a(libc_a-msizer.o)
 .ARM.attributes
                0x00000dc3       0x34 C:/ST/STM32CubeCLT_1.18.0/GNU-tools-for-STM32/bin/../lib/gcc/arm-none-eabi/13.3.1/../../../../arm-none-eabi/lib/thumb/v7e-m+fp/hard\libg_nano.a(libc_a-nano-vfprintf.o)
 .ARM.attributes
                0x00000df7       0x34 C:/ST/STM32CubeCLT_1.18.0/GNU-tools-for-STM32/bin/../lib/gcc/arm-none-eabi/13.3.1/../../../../arm-none-eabi/lib/thumb/v7e-m+fp/hard\libg_nano.a(libc_a-wbuf.o)
 .ARM.attributes
                0x00000e2b       0x34 C:/ST/STM32CubeCLT_1.18.0/GNU-tools-for-STM32/bin/../lib/gcc/arm-none-eabi/13.3.1/../../../../arm-none-eabi/lib/thumb/v7e-m+fp/hard\libg_nano.a(libc_a-wsetup.o)
 .ARM.attributes
                0x00000e5f       0x34 C:/ST/STM32CubeCLT_1.18.0/GNU-tools-for-STM32/bin/../lib/gcc/arm-none-eabi/13.3.1/../../../../arm-none-eabi/lib/thumb/v7e-m+fp/hard\libg_nano.a(libc_a-signal.o)
 .ARM.attributes
                0x00000e93       0x34 C:/ST/STM32CubeCLT_1.18.0/GNU-tools-for-STM32/bin/../lib/gcc/arm-none-eabi/13.3.1/../../../../arm-none-eabi/lib/thumb/v7e-m+fp/hard\libg_nano.a(libc_a-signalr.o)
 .ARM.attributes
                0x00000ec7       0x34 C:/ST/STM32CubeCLT_1.18.0/GNU-tools-for-STM32/bin/../lib/gcc/arm-none-eabi/13.3.1/../../../../arm-none-eabi/lib/thumb/v7e-m+fp/hard\libg_nano.a(libc_a-makebuf.o)
 .ARM.attributes
                0x00000efb       0x34 C:/ST/STM32CubeCLT_1.18.0/GNU-tools-for-STM32/bin/../lib/gcc/arm-none-eabi/13.3.1/../../../../arm-none-eabi/lib/thumb/v7e-m+fp/hard\libg_nano.a(libc_a-fstatr.o)
 .ARM.attributes
                0x00000f2f       0x34 C:/ST/STM32CubeCLT_1.18.0/GNU-tools-for-STM32/bin/../lib/gcc/arm-none-eabi/13.3.1/../../../../arm-none-eabi/lib/thumb/v7e-m+fp/hard\libg_nano.a(libc_a-isattyr.o)
 .ARM.attributes
                0x00000f63       0x22 C:/ST/STM32CubeCLT_1.18.0/GNU-tools-for-STM32/bin/../lib/gcc/arm-none-eabi/13.3.1/thumb/v7e-m+fp/hard\libgcc.a(_arm_addsubdf3.o)
 .ARM.attributes
                0x00000f85       0x22 C:/ST/STM32CubeCLT_1.18.0/GNU-tools-for-STM32/bin/../lib/gcc/arm-none-eabi/13.3.1/thumb/v7e-m+fp/hard\libgcc.a(_arm_muldivdf3.o)
 .ARM.attributes
                0x00000fa7       0x22 C:/ST/STM32CubeCLT_1.18.0/GNU-tools-for-STM32/bin/../lib/gcc/arm-none-eabi/13.3.1/thumb/v7e-m+fp/hard\libgcc.a(_arm_cmpdf2.o)
 .ARM.attributes
                0x00000fc9       0x22 C:/ST/STM32CubeCLT_1.18.0/GNU-tools-for-STM32/bin/../lib/gcc/arm-none-eabi/13.3.1/thumb/v7e-m+fp/hard\libgcc.a(_arm_unorddf2.o)
 .ARM.attributes
                0x00000feb       0x22 C:/ST/STM32CubeCLT_1.18.0/GNU-tools-for-STM32/bin/../lib/gcc/arm-none-eabi/13.3.1/thumb/v7e-m+fp/hard\libgcc.a(_arm_fixunsdfsi.o)
 .ARM.attributes
                0x0000100d       0x22 C:/ST/STM32CubeCLT_1.18.0/GNU-tools-for-STM32/bin/../lib/gcc/arm-none-eabi/13.3.1/thumb/v7e-m+fp/hard\libgcc.a(_arm_truncdfsf2.o)
 .ARM.attributes
                0x0000102f       0x34 C:/ST/STM32CubeCLT_1.18.0/GNU-tools-for-STM32/bin/../lib/gcc/arm-none-eabi/13.3.1/thumb/v7e-m+fp/hard\libgcc.a(_fixdfdi.o)
 .ARM.attributes
                0x00001063       0x34 C:/ST/STM32CubeCLT_1.18.0/GNU-tools-for-STM32/bin/../lib/gcc/arm-none-eabi/13.3.1/thumb/v7e-m+fp/hard\libgcc.a(_fixunsdfdi.o)
 .ARM.attributes
                0x00001097       0x22 C:/ST/STM32CubeCLT_1.18.0/GNU-tools-for-STM32/bin/../lib/gcc/arm-none-eabi/13.3.1/thumb/v7e-m+fp/hard/crtn.o

.comment        0x00000000       0x43
 .comment       0x00000000       0x43 cmake/stm32cubemx/CMakeFiles/STM32_Drivers.dir/__/__/Core/Src/system_stm32f4xx.c.obj
                                 0x44 (size before relaxing)
 .comment       0x00000043       0x44 cmake/stm32cubemx/CMakeFiles/STM32_Drivers.dir/__/__/Drivers/STM32F4xx_HAL_Driver/Src/stm32f4xx_hal_uart.c.obj
 .comment       0x00000043       0x44 cmake/stm32cubemx/CMakeFiles/STM32_Drivers.dir/__/__/Drivers/STM32F4xx_HAL_Driver/Src/stm32f4xx_hal_rcc.c.obj
 .comment       0x00000043       0x44 cmake/stm32cubemx/CMakeFiles/STM32_Drivers.dir/__/__/Drivers/STM32F4xx_HAL_Driver/Src/stm32f4xx_hal_gpio.c.obj
 .comment       0x00000043       0x44 cmake/stm32cubemx/CMakeFiles/STM32_Drivers.dir/__/__/Drivers/STM32F4xx_HAL_Driver/Src/stm32f4xx_hal_dma.c.obj
 .comment       0x00000043       0x44 cmake/stm32cubemx/CMakeFiles/STM32_Drivers.dir/__/__/Drivers/STM32F4xx_HAL_Driver/Src/stm32f4xx_hal_cortex.c.obj
 .comment       0x00000043       0x44 cmake/stm32cubemx/CMakeFiles/STM32_Drivers.dir/__/__/Drivers/STM32F4xx_HAL_Driver/Src/stm32f4xx_hal.c.obj
 .comment       0x00000043       0x44 CMakeFiles/stm32f407-bd.dir/Core/Src/main.c.obj